Archive member included to satisfy reference by file (symbol)

c:/st/stm32cubeide_1.3.0/stm32cubeide/plugins/com.st.stm32cube.ide.mcu.externaltools.gnu-tools-for-stm32.7-2018-q2-update.win32_1.4.0.202007081208/tools/bin/../lib/gcc/arm-none-eabi/7.3.1/../../../../arm-none-eabi/lib/thumb/v7e-m/fpv4-sp/hard\libc_nano.a(lib_a-errno.o)
                              Core/Src/syscalls.o (__errno)
c:/st/stm32cubeide_1.3.0/stm32cubeide/plugins/com.st.stm32cube.ide.mcu.externaltools.gnu-tools-for-stm32.7-2018-q2-update.win32_1.4.0.202007081208/tools/bin/../lib/gcc/arm-none-eabi/7.3.1/../../../../arm-none-eabi/lib/thumb/v7e-m/fpv4-sp/hard\libc_nano.a(lib_a-exit.o)
                              c:/st/stm32cubeide_1.3.0/stm32cubeide/plugins/com.st.stm32cube.ide.mcu.externaltools.gnu-tools-for-stm32.7-2018-q2-update.win32_1.4.0.202007081208/tools/bin/../lib/gcc/arm-none-eabi/7.3.1/../../../../arm-none-eabi/lib/thumb/v7e-m/fpv4-sp/hard/crt0.o (exit)
c:/st/stm32cubeide_1.3.0/stm32cubeide/plugins/com.st.stm32cube.ide.mcu.externaltools.gnu-tools-for-stm32.7-2018-q2-update.win32_1.4.0.202007081208/tools/bin/../lib/gcc/arm-none-eabi/7.3.1/../../../../arm-none-eabi/lib/thumb/v7e-m/fpv4-sp/hard\libc_nano.a(lib_a-impure.o)
                              c:/st/stm32cubeide_1.3.0/stm32cubeide/plugins/com.st.stm32cube.ide.mcu.externaltools.gnu-tools-for-stm32.7-2018-q2-update.win32_1.4.0.202007081208/tools/bin/../lib/gcc/arm-none-eabi/7.3.1/../../../../arm-none-eabi/lib/thumb/v7e-m/fpv4-sp/hard\libc_nano.a(lib_a-exit.o) (_global_impure_ptr)
c:/st/stm32cubeide_1.3.0/stm32cubeide/plugins/com.st.stm32cube.ide.mcu.externaltools.gnu-tools-for-stm32.7-2018-q2-update.win32_1.4.0.202007081208/tools/bin/../lib/gcc/arm-none-eabi/7.3.1/../../../../arm-none-eabi/lib/thumb/v7e-m/fpv4-sp/hard\libc_nano.a(lib_a-init.o)
                              c:/st/stm32cubeide_1.3.0/stm32cubeide/plugins/com.st.stm32cube.ide.mcu.externaltools.gnu-tools-for-stm32.7-2018-q2-update.win32_1.4.0.202007081208/tools/bin/../lib/gcc/arm-none-eabi/7.3.1/../../../../arm-none-eabi/lib/thumb/v7e-m/fpv4-sp/hard/crt0.o (__libc_init_array)
c:/st/stm32cubeide_1.3.0/stm32cubeide/plugins/com.st.stm32cube.ide.mcu.externaltools.gnu-tools-for-stm32.7-2018-q2-update.win32_1.4.0.202007081208/tools/bin/../lib/gcc/arm-none-eabi/7.3.1/../../../../arm-none-eabi/lib/thumb/v7e-m/fpv4-sp/hard\libc_nano.a(lib_a-memset.o)
                              c:/st/stm32cubeide_1.3.0/stm32cubeide/plugins/com.st.stm32cube.ide.mcu.externaltools.gnu-tools-for-stm32.7-2018-q2-update.win32_1.4.0.202007081208/tools/bin/../lib/gcc/arm-none-eabi/7.3.1/../../../../arm-none-eabi/lib/thumb/v7e-m/fpv4-sp/hard/crt0.o (memset)
c:/st/stm32cubeide_1.3.0/stm32cubeide/plugins/com.st.stm32cube.ide.mcu.externaltools.gnu-tools-for-stm32.7-2018-q2-update.win32_1.4.0.202007081208/tools/bin/../lib/gcc/arm-none-eabi/7.3.1/thumb/v7e-m/fpv4-sp/hard\libgcc.a(_arm_addsubdf3.o)
                              Core/Src/main.o (__aeabi_dsub)
c:/st/stm32cubeide_1.3.0/stm32cubeide/plugins/com.st.stm32cube.ide.mcu.externaltools.gnu-tools-for-stm32.7-2018-q2-update.win32_1.4.0.202007081208/tools/bin/../lib/gcc/arm-none-eabi/7.3.1/thumb/v7e-m/fpv4-sp/hard\libgcc.a(_arm_muldivdf3.o)
                              Core/Src/main.o (__aeabi_dmul)
c:/st/stm32cubeide_1.3.0/stm32cubeide/plugins/com.st.stm32cube.ide.mcu.externaltools.gnu-tools-for-stm32.7-2018-q2-update.win32_1.4.0.202007081208/tools/bin/../lib/gcc/arm-none-eabi/7.3.1/thumb/v7e-m/fpv4-sp/hard\libgcc.a(_arm_truncdfsf2.o)
                              Core/Src/main.o (__aeabi_d2f)

Allocating common symbols
Common symbol       size              file

T2                  0x2               Core/Src/main.o
display_buffer_pb   0x80              Core/Src/main.o
T3                  0x2               Core/Src/main.o
T0                  0x2               Core/Src/main.o
H0                  0x1               Core/Src/main.o
H3                  0x2               Core/Src/main.o
display_buffer_pa   0x80              Core/Src/main.o
T1                  0x2               Core/Src/main.o
str                 0x40              Core/Src/main.o
aReceiveBuffer_read
                    0x4               Core/Src/main.o
H2                  0x2               Core/Src/main.o
H1                  0x1               Core/Src/main.o

Discarded input sections

 .text          0x0000000000000000        0x0 c:/st/stm32cubeide_1.3.0/stm32cubeide/plugins/com.st.stm32cube.ide.mcu.externaltools.gnu-tools-for-stm32.7-2018-q2-update.win32_1.4.0.202007081208/tools/bin/../lib/gcc/arm-none-eabi/7.3.1/thumb/v7e-m/fpv4-sp/hard/crti.o
 .data          0x0000000000000000        0x0 c:/st/stm32cubeide_1.3.0/stm32cubeide/plugins/com.st.stm32cube.ide.mcu.externaltools.gnu-tools-for-stm32.7-2018-q2-update.win32_1.4.0.202007081208/tools/bin/../lib/gcc/arm-none-eabi/7.3.1/thumb/v7e-m/fpv4-sp/hard/crti.o
[...]
Memory Configuration

Name             Origin             Length             Attributes
CCMRAM           0x0000000010000000 0x0000000000001000 xrw
RAM              0x0000000020000000 0x0000000000003000 xrw
FLASH            0x0000000008000000 0x0000000000010000 xr
*default*        0x0000000000000000 0xffffffffffffffff

Linker script and memory map

LOAD c:/st/stm32cubeide_1.3.0/stm32cubeide/plugins/com.st.stm32cube.ide.mcu.externaltools.gnu-tools-for-stm32.7-2018-q2-update.win32_1.4.0.202007081208/tools/bin/../lib/gcc/arm-none-eabi/7.3.1/thumb/v7e-m/fpv4-sp/hard/crti.o
LOAD c:/st/stm32cubeide_1.3.0/stm32cubeide/plugins/com.st.stm32cube.ide.mcu.externaltools.gnu-tools-for-stm32.7-2018-q2-update.win32_1.4.0.202007081208/tools/bin/../lib/gcc/arm-none-eabi/7.3.1/thumb/v7e-m/fpv4-sp/hard/crtbegin.o
LOAD c:/st/stm32cubeide_1.3.0/stm32cubeide/plugins/com.st.stm32cube.ide.mcu.externaltools.gnu-tools-for-stm32.7-2018-q2-update.win32_1.4.0.202007081208/tools/bin/../lib/gcc/arm-none-eabi/7.3.1/../../../../arm-none-eabi/lib/thumb/v7e-m/fpv4-sp/hard/crt0.o
LOAD Core/Src/main.o
LOAD Core/Src/stm32f3xx_it.o
LOAD Core/Src/syscalls.o
LOAD Core/Src/sysmem.o
LOAD Core/Src/system_stm32f3xx.o
LOAD Core/Startup/startup_stm32f303k8tx.o
LOAD Drivers/STM32F3xx_HAL_Driver/Src/stm32f3xx_ll_dma.o
LOAD Drivers/STM32F3xx_HAL_Driver/Src/stm32f3xx_ll_exti.o
LOAD Drivers/STM32F3xx_HAL_Driver/Src/stm32f3xx_ll_gpio.o
LOAD Drivers/STM32F3xx_HAL_Driver/Src/stm32f3xx_ll_i2c.o
LOAD Drivers/STM32F3xx_HAL_Driver/Src/stm32f3xx_ll_rcc.o
LOAD Drivers/STM32F3xx_HAL_Driver/Src/stm32f3xx_ll_tim.o
LOAD Drivers/STM32F3xx_HAL_Driver/Src/stm32f3xx_ll_utils.o
START GROUP
LOAD c:/st/stm32cubeide_1.3.0/stm32cubeide/plugins/com.st.stm32cube.ide.mcu.externaltools.gnu-tools-for-stm32.7-2018-q2-update.win32_1.4.0.202007081208/tools/bin/../lib/gcc/arm-none-eabi/7.3.1/../../../../arm-none-eabi/lib/thumb/v7e-m/fpv4-sp/hard\libc_nano.a
LOAD c:/st/stm32cubeide_1.3.0/stm32cubeide/plugins/com.st.stm32cube.ide.mcu.externaltools.gnu-tools-for-stm32.7-2018-q2-update.win32_1.4.0.202007081208/tools/bin/../lib/gcc/arm-none-eabi/7.3.1/../../../../arm-none-eabi/lib/thumb/v7e-m/fpv4-sp/hard\libm.a
END GROUP
START GROUP
LOAD c:/st/stm32cubeide_1.3.0/stm32cubeide/plugins/com.st.stm32cube.ide.mcu.externaltools.gnu-tools-for-stm32.7-2018-q2-update.win32_1.4.0.202007081208/tools/bin/../lib/gcc/arm-none-eabi/7.3.1/thumb/v7e-m/fpv4-sp/hard\libgcc.a
LOAD c:/st/stm32cubeide_1.3.0/stm32cubeide/plugins/com.st.stm32cube.ide.mcu.externaltools.gnu-tools-for-stm32.7-2018-q2-update.win32_1.4.0.202007081208/tools/bin/../lib/gcc/arm-none-eabi/7.3.1/../../../../arm-none-eabi/lib/thumb/v7e-m/fpv4-sp/hard\libc_nano.a
END GROUP
START GROUP
LOAD c:/st/stm32cubeide_1.3.0/stm32cubeide/plugins/com.st.stm32cube.ide.mcu.externaltools.gnu-tools-for-stm32.7-2018-q2-update.win32_1.4.0.202007081208/tools/bin/../lib/gcc/arm-none-eabi/7.3.1/thumb/v7e-m/fpv4-sp/hard\libgcc.a
LOAD c:/st/stm32cubeide_1.3.0/stm32cubeide/plugins/com.st.stm32cube.ide.mcu.externaltools.gnu-tools-for-stm32.7-2018-q2-update.win32_1.4.0.202007081208/tools/bin/../lib/gcc/arm-none-eabi/7.3.1/../../../../arm-none-eabi/lib/thumb/v7e-m/fpv4-sp/hard\libc_nano.a
LOAD c:/st/stm32cubeide_1.3.0/stm32cubeide/plugins/com.st.stm32cube.ide.mcu.externaltools.gnu-tools-for-stm32.7-2018-q2-update.win32_1.4.0.202007081208/tools/bin/../lib/gcc/arm-none-eabi/7.3.1/../../../../arm-none-eabi/lib/thumb/v7e-m/fpv4-sp/hard\libnosys.a
END GROUP
START GROUP
LOAD c:/st/stm32cubeide_1.3.0/stm32cubeide/plugins/com.st.stm32cube.ide.mcu.externaltools.gnu-tools-for-stm32.7-2018-q2-update.win32_1.4.0.202007081208/tools/bin/../lib/gcc/arm-none-eabi/7.3.1/thumb/v7e-m/fpv4-sp/hard\libgcc.a
LOAD c:/st/stm32cubeide_1.3.0/stm32cubeide/plugins/com.st.stm32cube.ide.mcu.externaltools.gnu-tools-for-stm32.7-2018-q2-update.win32_1.4.0.202007081208/tools/bin/../lib/gcc/arm-none-eabi/7.3.1/../../../../arm-none-eabi/lib/thumb/v7e-m/fpv4-sp/hard\libc_nano.a
LOAD c:/st/stm32cubeide_1.3.0/stm32cubeide/plugins/com.st.stm32cube.ide.mcu.externaltools.gnu-tools-for-stm32.7-2018-q2-update.win32_1.4.0.202007081208/tools/bin/../lib/gcc/arm-none-eabi/7.3.1/../../../../arm-none-eabi/lib/thumb/v7e-m/fpv4-sp/hard\libnosys.a
END GROUP
LOAD c:/st/stm32cubeide_1.3.0/stm32cubeide/plugins/com.st.stm32cube.ide.mcu.externaltools.gnu-tools-for-stm32.7-2018-q2-update.win32_1.4.0.202007081208/tools/bin/../lib/gcc/arm-none-eabi/7.3.1/thumb/v7e-m/fpv4-sp/hard/crtend.o
LOAD c:/st/stm32cubeide_1.3.0/stm32cubeide/plugins/com.st.stm32cube.ide.mcu.externaltools.gnu-tools-for-stm32.7-2018-q2-update.win32_1.4.0.202007081208/tools/bin/../lib/gcc/arm-none-eabi/7.3.1/thumb/v7e-m/fpv4-sp/hard/crtn.o
                0x0000000020003000                _estack = (ORIGIN (RAM) + LENGTH (RAM))
                0x0000000000000200                _Min_Heap_Size = 0x200
                0x0000000000000400                _Min_Stack_Size = 0x400

.isr_vector     0x0000000008000000      0x188
                0x0000000008000000                . = ALIGN (0x4)
 *(.isr_vector)
 .isr_vector    0x0000000008000000      0x188 Core/Startup/startup_stm32f303k8tx.o
                0x0000000008000000                g_pfnVectors
                0x0000000008000188                . = ALIGN (0x4)

.text           0x0000000008000188     0x3444
                0x0000000008000188                . = ALIGN (0x4)
 *(.text)
 .text          0x0000000008000188       0x40 c:/st/stm32cubeide_1.3.0/stm32cubeide/plugins/com.st.stm32cube.ide.mcu.externaltools.gnu-tools-for-stm32.7-2018-q2-update.win32_1.4.0.202007081208/tools/bin/../lib/gcc/arm-none-eabi/7.3.1/thumb/v7e-m/fpv4-sp/hard/crtbegin.o
 .text          0x00000000080001c8      0x378 c:/st/stm32cubeide_1.3.0/stm32cubeide/plugins/com.st.stm32cube.ide.mcu.externaltools.gnu-tools-for-stm32.7-2018-q2-update.win32_1.4.0.202007081208/tools/bin/../lib/gcc/arm-none-eabi/7.3.1/thumb/v7e-m/fpv4-sp/hard\libgcc.a(_arm_addsubdf3.o)
                0x00000000080001c8                __aeabi_drsub
                0x00000000080001d0                __aeabi_dsub
                0x00000000080001d0                __subdf3
                0x00000000080001d4                __aeabi_dadd
                0x00000000080001d4                __adddf3
                0x000000000800044c                __floatunsidf
                0x000000000800044c                __aeabi_ui2d
                0x000000000800046c                __floatsidf
                0x000000000800046c                __aeabi_i2d
                0x0000000008000490                __aeabi_f2d
                0x0000000008000490                __extendsfdf2
                0x00000000080004d4                __floatundidf
                0x00000000080004d4                __aeabi_ul2d
                0x00000000080004e4                __floatdidf
                0x00000000080004e4                __aeabi_l2d
 .text          0x0000000008000540      0x424 c:/st/stm32cubeide_1.3.0/stm32cubeide/plugins/com.st.stm32cube.ide.mcu.externaltools.gnu-tools-for-stm32.7-2018-q2-update.win32_1.4.0.202007081208/tools/bin/../lib/gcc/arm-none-eabi/7.3.1/thumb/v7e-m/fpv4-sp/hard\libgcc.a(_arm_muldivdf3.o)
                0x0000000008000540                __aeabi_dmul
                0x0000000008000540                __muldf3
                0x0000000008000794                __divdf3
                0x0000000008000794                __aeabi_ddiv
 .text          0x0000000008000964       0xa0 c:/st/stm32cubeide_1.3.0/stm32cubeide/plugins/com.st.stm32cube.ide.mcu.externaltools.gnu-tools-for-stm32.7-2018-q2-update.win32_1.4.0.202007081208/tools/bin/../lib/gcc/arm-none-eabi/7.3.1/thumb/v7e-m/fpv4-sp/hard\libgcc.a(_arm_truncdfsf2.o)
                0x0000000008000964                __truncdfsf2
                0x0000000008000964                __aeabi_d2f
 *(.text*)
 .text.__NVIC_SetPriorityGrouping
                0x0000000008000a04       0x48 Core/Src/main.o
 .text.__NVIC_GetPriorityGrouping
                0x0000000008000a4c       0x1c Core/Src/main.o
 .text.__NVIC_EnableIRQ
                0x0000000008000a68       0x3c Core/Src/main.o
 .text.__NVIC_SetPriority
                0x0000000008000aa4       0x54 Core/Src/main.o
 .text.NVIC_EncodePriority
                0x0000000008000af8       0x66 Core/Src/main.o
 .text.LL_I2C_DisableClockStretching
                0x0000000008000b5e       0x20 Core/Src/main.o
 .text.LL_I2C_DisableGeneralCall
                0x0000000008000b7e       0x20 Core/Src/main.o
 .text.LL_I2C_SetOwnAddress2
                0x0000000008000b9e       0x30 Core/Src/main.o
 .text.LL_I2C_DisableOwnAddress2
                0x0000000008000bce       0x20 Core/Src/main.o
 .text.LL_I2C_EnableIT_RX
                0x0000000008000bee       0x20 Core/Src/main.o
 .text.LL_I2C_DisableIT_RX
                0x0000000008000c0e       0x20 Core/Src/main.o
 .text.LL_I2C_IsActiveFlag_TXIS
                0x0000000008000c2e       0x26 Core/Src/main.o
 .text.LL_I2C_IsActiveFlag_STOP
                0x0000000008000c54       0x26 Core/Src/main.o
 .text.LL_I2C_ClearFlag_STOP
                0x0000000008000c7a       0x20 Core/Src/main.o
 .text.LL_I2C_EnableAutoEndMode
                0x0000000008000c9a       0x20 Core/Src/main.o
 *fill*         0x0000000008000cba        0x2 
 .text.LL_I2C_HandleTransfer
                0x0000000008000cbc       0x4c Core/Src/main.o
 .text.LL_I2C_TransmitData8
                0x0000000008000d08       0x1e Core/Src/main.o
 *fill*         0x0000000008000d26        0x2 
 .text.LL_RCC_HSI_Enable
                0x0000000008000d28       0x20 Core/Src/main.o
 .text.LL_RCC_HSI_IsReady
                0x0000000008000d48       0x24 Core/Src/main.o
 .text.LL_RCC_HSI_SetCalibTrimming
                0x0000000008000d6c       0x2c Core/Src/main.o
 .text.LL_RCC_SetSysClkSource
                0x0000000008000d98       0x28 Core/Src/main.o
 .text.LL_RCC_GetSysClkSource
                0x0000000008000dc0       0x1c Core/Src/main.o
 .text.LL_RCC_SetAHBPrescaler
                0x0000000008000ddc       0x28 Core/Src/main.o
 .text.LL_RCC_SetAPB1Prescaler
                0x0000000008000e04       0x28 Core/Src/main.o
 .text.LL_RCC_SetAPB2Prescaler
                0x0000000008000e2c       0x28 Core/Src/main.o
 .text.LL_RCC_SetI2CClockSource
                0x0000000008000e54       0x30 Core/Src/main.o
 .text.LL_AHB1_GRP1_EnableClock
                0x0000000008000e84       0x30 Core/Src/main.o
 .text.LL_APB1_GRP1_EnableClock
                0x0000000008000eb4       0x30 Core/Src/main.o
 .text.LL_APB2_GRP1_EnableClock
                0x0000000008000ee4       0x30 Core/Src/main.o
 .text.LL_SYSCFG_SetEXTISource
                0x0000000008000f14       0x5c Core/Src/main.o
 .text.LL_FLASH_SetLatency
                0x0000000008000f70       0x28 Core/Src/main.o
 .text.LL_FLASH_GetLatency
                0x0000000008000f98       0x1c Core/Src/main.o
 .text.LL_TIM_DisableARRPreload
                0x0000000008000fb4       0x20 Core/Src/main.o
 .text.LL_TIM_EnableIT_UPDATE
                0x0000000008000fd4       0x20 Core/Src/main.o
 .text.LL_GPIO_SetPinMode
                0x0000000008000ff4       0x5e Core/Src/main.o
 .text.LL_GPIO_SetPinPull
                0x0000000008001052       0x5e Core/Src/main.o
 .text.LL_GPIO_ResetOutputPin
                0x00000000080010b0       0x1c Core/Src/main.o
 .text.main     0x00000000080010cc      0x18c Core/Src/main.o
                0x00000000080010cc                main
 .text.SystemClock_Config
                0x0000000008001258       0x6c Core/Src/main.o
                0x0000000008001258                SystemClock_Config
 .text.MX_I2C1_Init
                0x00000000080012c4       0xdc Core/Src/main.o
 .text.MX_TIM16_Init
                0x00000000080013a0       0x70 Core/Src/main.o
 .text.MX_TIM17_Init
                0x0000000008001410       0x70 Core/Src/main.o
 .text.MX_GPIO_Init
                0x0000000008001480      0x124 Core/Src/main.o
 .text.push_button_pushed_fcn
                0x00000000080015a4      0x120 Core/Src/main.o
                0x00000000080015a4                push_button_pushed_fcn
 .text.hts221_get_temp
                0x00000000080016c4       0xf4 Core/Src/main.o
                0x00000000080016c4                hts221_get_temp
 .text.hts221_get_hum
                0x00000000080017b8      0x114 Core/Src/main.o
                0x00000000080017b8                hts221_get_hum
 .text.lps25hb_get_pressure
                0x00000000080018cc       0x8c Core/Src/main.o
                0x00000000080018cc                lps25hb_get_pressure
 .text.lsm6ds0_get_acc
                0x0000000008001958       0xc4 Core/Src/main.o
                0x0000000008001958                lsm6ds0_get_acc
 .text.lsm6ds0_read_byte
                0x0000000008001a1c       0x2c Core/Src/main.o
                0x0000000008001a1c                lsm6ds0_read_byte
 .text.hts221_read_byte
                0x0000000008001a48       0x2c Core/Src/main.o
                0x0000000008001a48                hts221_read_byte
 .text.lps25hb_read_byte
                0x0000000008001a74       0x2c Core/Src/main.o
                0x0000000008001a74                lps25hb_read_byte
 .text.hts221_write_byte
                0x0000000008001aa0       0x24 Core/Src/main.o
                0x0000000008001aa0                hts221_write_byte
 .text.lps25hb_write_byte
                0x0000000008001ac4       0x24 Core/Src/main.o
                0x0000000008001ac4                lps25hb_write_byte
 .text.lsm6ds0_write_byte
                0x0000000008001ae8       0x24 Core/Src/main.o
                0x0000000008001ae8                lsm6ds0_write_byte
 .text.hts221_readArray
                0x0000000008001b0c       0x28 Core/Src/main.o
                0x0000000008001b0c                hts221_readArray
 .text.lsm6ds0_readArray
                0x0000000008001b34       0x28 Core/Src/main.o
                0x0000000008001b34                lsm6ds0_readArray
 .text.lsm6ds0_init
                0x0000000008001b5c       0x50 Core/Src/main.o
                0x0000000008001b5c                lsm6ds0_init
 .text.hts221_init
                0x0000000008001bac      0x184 Core/Src/main.o
                0x0000000008001bac                hts221_init
 .text.lps25hb_init
                0x0000000008001d30       0x5a Core/Src/main.o
                0x0000000008001d30                lps25hb_init
 *fill*         0x0000000008001d8a        0x2 
 .text.i2c_master_write
                0x0000000008001d8c       0x88 Core/Src/main.o
                0x0000000008001d8c                i2c_master_write
 .text.i2c_master_read
                0x0000000008001e14       0xf8 Core/Src/main.o
                0x0000000008001e14                i2c_master_read
 .text.my_str_cpy
                0x0000000008001f0c       0x54 Core/Src/main.o
                0x0000000008001f0c                my_str_cpy
 .text.convert_str_to_7seg
                0x0000000008001f60      0x718 Core/Src/main.o
                0x0000000008001f60                convert_str_to_7seg
 .text.start_tim17_with_IT
                0x0000000008002678       0x20 Core/Src/main.o
                0x0000000008002678                start_tim17_with_IT
 .text.start_tim16_with_IT
                0x0000000008002698       0x20 Core/Src/main.o
                0x0000000008002698                start_tim16_with_IT
 .text.multiplex_display_fcn
                0x00000000080026b8      0x12c Core/Src/main.o
                0x00000000080026b8                multiplex_display_fcn
 .text.test_push_button_state
                0x00000000080027e4       0x40 Core/Src/main.o
                0x00000000080027e4                test_push_button_state
 .text.LL_I2C_IsActiveFlag_RXNE
                0x0000000008002824       0x26 Core/Src/stm32f3xx_it.o
 .text.LL_I2C_ReceiveData8
                0x000000000800284a       0x1a Core/Src/stm32f3xx_it.o
 .text.LL_EXTI_IsActiveFlag_0_31
                0x0000000008002864       0x2c Core/Src/stm32f3xx_it.o
 .text.LL_EXTI_ClearFlag_0_31
                0x0000000008002890       0x20 Core/Src/stm32f3xx_it.o
 .text.NMI_Handler
                0x00000000080028b0        0xe Core/Src/stm32f3xx_it.o
                0x00000000080028b0                NMI_Handler
 .text.HardFault_Handler
                0x00000000080028be        0x6 Core/Src/stm32f3xx_it.o
                0x00000000080028be                HardFault_Handler
 .text.MemManage_Handler
                0x00000000080028c4        0x6 Core/Src/stm32f3xx_it.o
                0x00000000080028c4                MemManage_Handler
 .text.BusFault_Handler
                0x00000000080028ca        0x6 Core/Src/stm32f3xx_it.o
                0x00000000080028ca                BusFault_Handler
 .text.UsageFault_Handler
                0x00000000080028d0        0x6 Core/Src/stm32f3xx_it.o
                0x00000000080028d0                UsageFault_Handler
 .text.SVC_Handler
                0x00000000080028d6        0xe Core/Src/stm32f3xx_it.o
                0x00000000080028d6                SVC_Handler
 .text.DebugMon_Handler
                0x00000000080028e4        0xe Core/Src/stm32f3xx_it.o
                0x00000000080028e4                DebugMon_Handler
 .text.PendSV_Handler
                0x00000000080028f2        0xe Core/Src/stm32f3xx_it.o
                0x00000000080028f2                PendSV_Handler
 .text.SysTick_Handler
                0x0000000008002900        0xe Core/Src/stm32f3xx_it.o
                0x0000000008002900                SysTick_Handler
 *fill*         0x000000000800290e        0x2 
 .text.EXTI3_IRQHandler
                0x0000000008002910       0x3c Core/Src/stm32f3xx_it.o
                0x0000000008002910                EXTI3_IRQHandler
 .text.TIM1_UP_TIM16_IRQHandler
                0x000000000800294c       0x30 Core/Src/stm32f3xx_it.o
                0x000000000800294c                TIM1_UP_TIM16_IRQHandler
 .text.TIM1_TRG_COM_TIM17_IRQHandler
                0x000000000800297c       0x30 Core/Src/stm32f3xx_it.o
                0x000000000800297c                TIM1_TRG_COM_TIM17_IRQHandler
 .text.I2C1_EV_IRQHandler
                0x00000000080029ac       0x60 Core/Src/stm32f3xx_it.o
                0x00000000080029ac                I2C1_EV_IRQHandler
 .text.SystemInit
                0x0000000008002a0c       0x24 Core/Src/system_stm32f3xx.o
                0x0000000008002a0c                SystemInit
 .text.Reset_Handler
                0x0000000008002a30       0x50 Core/Startup/startup_stm32f303k8tx.o
                0x0000000008002a30                Reset_Handler
 .text.Default_Handler
                0x0000000008002a80        0x2 Core/Startup/startup_stm32f303k8tx.o
                0x0000000008002a80                RTC_Alarm_IRQHandler
                0x0000000008002a80                TIM1_CC_IRQHandler
                0x0000000008002a80                PVD_IRQHandler
                0x0000000008002a80                TAMP_STAMP_IRQHandler
                0x0000000008002a80                EXTI0_IRQHandler
                0x0000000008002a80                FPU_IRQHandler
                0x0000000008002a80                CAN_TX_IRQHandler
                0x0000000008002a80                ADC1_2_IRQHandler
                0x0000000008002a80                SPI1_IRQHandler
                0x0000000008002a80                CAN_SCE_IRQHandler
                0x0000000008002a80                DMA1_Channel4_IRQHandler
                0x0000000008002a80                USART3_IRQHandler
                0x0000000008002a80                DMA1_Channel7_IRQHandler
                0x0000000008002a80                TIM7_DAC2_IRQHandler
                0x0000000008002a80                CAN_RX1_IRQHandler
                0x0000000008002a80                DMA1_Channel6_IRQHandler
                0x0000000008002a80                TIM3_IRQHandler
                0x0000000008002a80                RCC_IRQHandler
                0x0000000008002a80                DMA1_Channel1_IRQHandler
                0x0000000008002a80                Default_Handler
                0x0000000008002a80                EXTI15_10_IRQHandler
                0x0000000008002a80                COMP2_IRQHandler
                0x0000000008002a80                TIM6_DAC1_IRQHandler
                0x0000000008002a80                EXTI9_5_IRQHandler
                0x0000000008002a80                RTC_WKUP_IRQHandler
                0x0000000008002a80                DMA1_Channel5_IRQHandler
                0x0000000008002a80                EXTI4_IRQHandler
                0x0000000008002a80                DMA1_Channel3_IRQHandler
                0x0000000008002a80                WWDG_IRQHandler
                0x0000000008002a80                TIM2_IRQHandler
                0x0000000008002a80                EXTI1_IRQHandler
                0x0000000008002a80                COMP4_6_IRQHandler
                0x0000000008002a80                USART2_IRQHandler
                0x0000000008002a80                DMA1_Channel2_IRQHandler
                0x0000000008002a80                FLASH_IRQHandler
                0x0000000008002a80                USART1_IRQHandler
                0x0000000008002a80                CAN_RX0_IRQHandler
                0x0000000008002a80                I2C1_ER_IRQHandler
                0x0000000008002a80                EXTI2_TSC_IRQHandler
                0x0000000008002a80                TIM1_BRK_TIM15_IRQHandler
 *fill*         0x0000000008002a82        0x2 
 .text.LL_EXTI_EnableIT_0_31
                0x0000000008002a84       0x24 Drivers/STM32F3xx_HAL_Driver/Src/stm32f3xx_ll_exti.o
 .text.LL_EXTI_EnableIT_32_63
                0x0000000008002aa8       0x24 Drivers/STM32F3xx_HAL_Driver/Src/stm32f3xx_ll_exti.o
 .text.LL_EXTI_DisableIT_0_31
                0x0000000008002acc       0x28 Drivers/STM32F3xx_HAL_Driver/Src/stm32f3xx_ll_exti.o
 .text.LL_EXTI_DisableIT_32_63
                0x0000000008002af4       0x28 Drivers/STM32F3xx_HAL_Driver/Src/stm32f3xx_ll_exti.o
 .text.LL_EXTI_EnableEvent_0_31
                0x0000000008002b1c       0x24 Drivers/STM32F3xx_HAL_Driver/Src/stm32f3xx_ll_exti.o
 .text.LL_EXTI_EnableEvent_32_63
                0x0000000008002b40       0x24 Drivers/STM32F3xx_HAL_Driver/Src/stm32f3xx_ll_exti.o
 .text.LL_EXTI_DisableEvent_0_31
                0x0000000008002b64       0x28 Drivers/STM32F3xx_HAL_Driver/Src/stm32f3xx_ll_exti.o
 .text.LL_EXTI_DisableEvent_32_63
                0x0000000008002b8c       0x28 Drivers/STM32F3xx_HAL_Driver/Src/stm32f3xx_ll_exti.o
 .text.LL_EXTI_EnableRisingTrig_0_31
                0x0000000008002bb4       0x24 Drivers/STM32F3xx_HAL_Driver/Src/stm32f3xx_ll_exti.o
 .text.LL_EXTI_EnableRisingTrig_32_63
                0x0000000008002bd8       0x24 Drivers/STM32F3xx_HAL_Driver/Src/stm32f3xx_ll_exti.o
 .text.LL_EXTI_DisableRisingTrig_0_31
                0x0000000008002bfc       0x28 Drivers/STM32F3xx_HAL_Driver/Src/stm32f3xx_ll_exti.o
 .text.LL_EXTI_DisableRisingTrig_32_63
                0x0000000008002c24       0x28 Drivers/STM32F3xx_HAL_Driver/Src/stm32f3xx_ll_exti.o
 .text.LL_EXTI_EnableFallingTrig_0_31
                0x0000000008002c4c       0x24 Drivers/STM32F3xx_HAL_Driver/Src/stm32f3xx_ll_exti.o
 .text.LL_EXTI_EnableFallingTrig_32_63
                0x0000000008002c70       0x24 Drivers/STM32F3xx_HAL_Driver/Src/stm32f3xx_ll_exti.o
 .text.LL_EXTI_DisableFallingTrig_0_31
                0x0000000008002c94       0x28 Drivers/STM32F3xx_HAL_Driver/Src/stm32f3xx_ll_exti.o
 .text.LL_EXTI_DisableFallingTrig_32_63
                0x0000000008002cbc       0x28 Drivers/STM32F3xx_HAL_Driver/Src/stm32f3xx_ll_exti.o
 .text.LL_EXTI_Init
                0x0000000008002ce4      0x1d0 Drivers/STM32F3xx_HAL_Driver/Src/stm32f3xx_ll_exti.o
                0x0000000008002ce4                LL_EXTI_Init
 .text.LL_GPIO_SetPinMode
                0x0000000008002eb4       0x5e Drivers/STM32F3xx_HAL_Driver/Src/stm32f3xx_ll_gpio.o
 .text.LL_GPIO_SetPinOutputType
                0x0000000008002f12       0x30 Drivers/STM32F3xx_HAL_Driver/Src/stm32f3xx_ll_gpio.o
 .text.LL_GPIO_SetPinSpeed
                0x0000000008002f42       0x5e Drivers/STM32F3xx_HAL_Driver/Src/stm32f3xx_ll_gpio.o
 .text.LL_GPIO_SetPinPull
                0x0000000008002fa0       0x5e Drivers/STM32F3xx_HAL_Driver/Src/stm32f3xx_ll_gpio.o
 .text.LL_GPIO_SetAFPin_0_7
                0x0000000008002ffe       0x5e Drivers/STM32F3xx_HAL_Driver/Src/stm32f3xx_ll_gpio.o
 .text.LL_GPIO_SetAFPin_8_15
                0x000000000800305c       0x62 Drivers/STM32F3xx_HAL_Driver/Src/stm32f3xx_ll_gpio.o
 .text.LL_GPIO_Init
                0x00000000080030be       0xe0 Drivers/STM32F3xx_HAL_Driver/Src/stm32f3xx_ll_gpio.o
                0x00000000080030be                LL_GPIO_Init
 .text.LL_I2C_Enable
                0x000000000800319e       0x20 Drivers/STM32F3xx_HAL_Driver/Src/stm32f3xx_ll_i2c.o
 .text.LL_I2C_Disable
                0x00000000080031be       0x20 Drivers/STM32F3xx_HAL_Driver/Src/stm32f3xx_ll_i2c.o
 .text.LL_I2C_ConfigFilters
                0x00000000080031de       0x2e Drivers/STM32F3xx_HAL_Driver/Src/stm32f3xx_ll_i2c.o
 .text.LL_I2C_SetOwnAddress1
                0x000000000800320c       0x30 Drivers/STM32F3xx_HAL_Driver/Src/stm32f3xx_ll_i2c.o
 .text.LL_I2C_EnableOwnAddress1
                0x000000000800323c       0x20 Drivers/STM32F3xx_HAL_Driver/Src/stm32f3xx_ll_i2c.o
 .text.LL_I2C_DisableOwnAddress1
                0x000000000800325c       0x20 Drivers/STM32F3xx_HAL_Driver/Src/stm32f3xx_ll_i2c.o
 .text.LL_I2C_SetTiming
                0x000000000800327c       0x1c Drivers/STM32F3xx_HAL_Driver/Src/stm32f3xx_ll_i2c.o
 .text.LL_I2C_SetMode
                0x0000000008003298       0x26 Drivers/STM32F3xx_HAL_Driver/Src/stm32f3xx_ll_i2c.o
 .text.LL_I2C_AcknowledgeNextData
                0x00000000080032be       0x26 Drivers/STM32F3xx_HAL_Driver/Src/stm32f3xx_ll_i2c.o
 .text.LL_I2C_Init
                0x00000000080032e4       0x78 Drivers/STM32F3xx_HAL_Driver/Src/stm32f3xx_ll_i2c.o
                0x00000000080032e4                LL_I2C_Init
 .text.LL_TIM_SetPrescaler
                0x000000000800335c       0x1c Drivers/STM32F3xx_HAL_Driver/Src/stm32f3xx_ll_tim.o
 .text.LL_TIM_SetAutoReload
                0x0000000008003378       0x1c Drivers/STM32F3xx_HAL_Driver/Src/stm32f3xx_ll_tim.o
 .text.LL_TIM_SetRepetitionCounter
                0x0000000008003394       0x1c Drivers/STM32F3xx_HAL_Driver/Src/stm32f3xx_ll_tim.o
 .text.LL_TIM_GenerateEvent_UPDATE
                0x00000000080033b0       0x20 Drivers/STM32F3xx_HAL_Driver/Src/stm32f3xx_ll_tim.o
 .text.LL_TIM_Init
                0x00000000080033d0       0xe4 Drivers/STM32F3xx_HAL_Driver/Src/stm32f3xx_ll_tim.o
                0x00000000080033d0                LL_TIM_Init
 .text.LL_InitTick
                0x00000000080034b4       0x34 Drivers/STM32F3xx_HAL_Driver/Src/stm32f3xx_ll_utils.o
 .text.LL_Init1msTick
                0x00000000080034e8       0x1a Drivers/STM32F3xx_HAL_Driver/Src/stm32f3xx_ll_utils.o
                0x00000000080034e8                LL_Init1msTick
 *fill*         0x0000000008003502        0x2 
 .text.LL_mDelay
                0x0000000008003504       0x48 Drivers/STM32F3xx_HAL_Driver/Src/stm32f3xx_ll_utils.o
                0x0000000008003504                LL_mDelay
 .text.LL_SetSystemCoreClock
                0x000000000800354c       0x20 Drivers/STM32F3xx_HAL_Driver/Src/stm32f3xx_ll_utils.o
                0x000000000800354c                LL_SetSystemCoreClock
 .text.__libc_init_array
                0x000000000800356c       0x48 c:/st/stm32cubeide_1.3.0/stm32cubeide/plugins/com.st.stm32cube.ide.mcu.externaltools.gnu-tools-for-stm32.7-2018-q2-update.win32_1.4.0.202007081208/tools/bin/../lib/gcc/arm-none-eabi/7.3.1/../../../../arm-none-eabi/lib/thumb/v7e-m/fpv4-sp/hard\libc_nano.a(lib_a-init.o)
                0x000000000800356c                __libc_init_array
 *(.glue_7)
 .glue_7        0x00000000080035b4        0x0 linker stubs
 *(.glue_7t)
 .glue_7t       0x00000000080035b4        0x0 linker stubs
 *(.eh_frame)
 .eh_frame      0x00000000080035b4        0x0 c:/st/stm32cubeide_1.3.0/stm32cubeide/plugins/com.st.stm32cube.ide.mcu.externaltools.gnu-tools-for-stm32.7-2018-q2-update.win32_1.4.0.202007081208/tools/bin/../lib/gcc/arm-none-eabi/7.3.1/thumb/v7e-m/fpv4-sp/hard/crtbegin.o
 *(.init)
 .init          0x00000000080035b4        0x4 c:/st/stm32cubeide_1.3.0/stm32cubeide/plugins/com.st.stm32cube.ide.mcu.externaltools.gnu-tools-for-stm32.7-2018-q2-update.win32_1.4.0.202007081208/tools/bin/../lib/gcc/arm-none-eabi/7.3.1/thumb/v7e-m/fpv4-sp/hard/crti.o
                0x00000000080035b4                _init
 .init          0x00000000080035b8        0x8 c:/st/stm32cubeide_1.3.0/stm32cubeide/plugins/com.st.stm32cube.ide.mcu.externaltools.gnu-tools-for-stm32.7-2018-q2-update.win32_1.4.0.202007081208/tools/bin/../lib/gcc/arm-none-eabi/7.3.1/thumb/v7e-m/fpv4-sp/hard/crtn.o
 *(.fini)
 .fini          0x00000000080035c0        0x4 c:/st/stm32cubeide_1.3.0/stm32cubeide/plugins/com.st.stm32cube.ide.mcu.externaltools.gnu-tools-for-stm32.7-2018-q2-update.win32_1.4.0.202007081208/tools/bin/../lib/gcc/arm-none-eabi/7.3.1/thumb/v7e-m/fpv4-sp/hard/crti.o
                0x00000000080035c0                _fini
 .fini          0x00000000080035c4        0x8 c:/st/stm32cubeide_1.3.0/stm32cubeide/plugins/com.st.stm32cube.ide.mcu.externaltools.gnu-tools-for-stm32.7-2018-q2-update.win32_1.4.0.202007081208/tools/bin/../lib/gcc/arm-none-eabi/7.3.1/thumb/v7e-m/fpv4-sp/hard/crtn.o
                0x00000000080035cc                . = ALIGN (0x4)
                0x00000000080035cc                _etext = .

.vfp11_veneer   0x00000000080035cc        0x0
 .vfp11_veneer  0x00000000080035cc        0x0 linker stubs

.v4_bx          0x00000000080035cc        0x0
 .v4_bx         0x00000000080035cc        0x0 linker stubs

.iplt           0x00000000080035cc        0x0
 .iplt          0x00000000080035cc        0x0 c:/st/stm32cubeide_1.3.0/stm32cubeide/plugins/com.st.stm32cube.ide.mcu.externaltools.gnu-tools-for-stm32.7-2018-q2-update.win32_1.4.0.202007081208/tools/bin/../lib/gcc/arm-none-eabi/7.3.1/thumb/v7e-m/fpv4-sp/hard/crtbegin.o

.rodata         0x00000000080035cc       0x3c
                0x00000000080035cc                . = ALIGN (0x4)
 *(.rodata)
 .rodata        0x00000000080035cc       0x3c Core/Src/main.o
 *(.rodata*)
                0x0000000008003608                . = ALIGN (0x4)

.rel.dyn        0x0000000008003608        0x0
 .rel.iplt      0x0000000008003608        0x0 c:/st/stm32cubeide_1.3.0/stm32cubeide/plugins/com.st.stm32cube.ide.mcu.externaltools.gnu-tools-for-stm32.7-2018-q2-update.win32_1.4.0.202007081208/tools/bin/../lib/gcc/arm-none-eabi/7.3.1/thumb/v7e-m/fpv4-sp/hard/crtbegin.o

.ARM.extab      0x0000000008003608        0x0
                0x0000000008003608                . = ALIGN (0x4)
 *(.ARM.extab* .gnu.linkonce.armextab.*)
                0x0000000008003608                . = ALIGN (0x4)

.ARM            0x0000000008003608        0x0
                0x0000000008003608                . = ALIGN (0x4)
                0x0000000008003608                __exidx_start = .
 *(.ARM.exidx*)
                0x0000000008003608                __exidx_end = .
                0x0000000008003608                . = ALIGN (0x4)

.preinit_array  0x0000000008003608        0x0
                0x0000000008003608                . = ALIGN (0x4)
                0x0000000008003608                PROVIDE (__preinit_array_start = .)
 *(.preinit_array*)
                0x0000000008003608                PROVIDE (__preinit_array_end = .)
                0x0000000008003608                . = ALIGN (0x4)

.init_array     0x0000000008003608        0x4
                0x0000000008003608                . = ALIGN (0x4)
                0x0000000008003608                PROVIDE (__init_array_start = .)
 *(SORT_BY_NAME(.init_array.*))
 *(.init_array*)
 .init_array    0x0000000008003608        0x4 c:/st/stm32cubeide_1.3.0/stm32cubeide/plugins/com.st.stm32cube.ide.mcu.externaltools.gnu-tools-for-stm32.7-2018-q2-update.win32_1.4.0.202007081208/tools/bin/../lib/gcc/arm-none-eabi/7.3.1/thumb/v7e-m/fpv4-sp/hard/crtbegin.o
                0x000000000800360c                PROVIDE (__init_array_end = .)
                0x000000000800360c                . = ALIGN (0x4)

.fini_array     0x000000000800360c        0x4
                0x000000000800360c                . = ALIGN (0x4)
                [!provide]                        PROVIDE (__fini_array_start = .)
 *(SORT_BY_NAME(.fini_array.*))
 *(.fini_array*)
 .fini_array    0x000000000800360c        0x4 c:/st/stm32cubeide_1.3.0/stm32cubeide/plugins/com.st.stm32cube.ide.mcu.externaltools.gnu-tools-for-stm32.7-2018-q2-update.win32_1.4.0.202007081208/tools/bin/../lib/gcc/arm-none-eabi/7.3.1/thumb/v7e-m/fpv4-sp/hard/crtbegin.o
                [!provide]                        PROVIDE (__fini_array_end = .)
                0x0000000008003610                . = ALIGN (0x4)
                0x0000000008003610                _sidata = LOADADDR (.data)

.data           0x0000000020000000        0xc load address 0x0000000008003610
                0x0000000020000000                . = ALIGN (0x4)
                0x0000000020000000                _sdata = .
 *(.data)
 *(.data*)
 .data.what_to_measure
                0x0000000020000000        0x1 Core/Src/main.o
                0x0000000020000000                what_to_measure
 *fill*         0x0000000020000001        0x3 
 .data.pressure
                0x0000000020000004        0x4 Core/Src/main.o
                0x0000000020000004                pressure
 .data.SystemCoreClock
                0x0000000020000008        0x4 Core/Src/system_stm32f3xx.o
                0x0000000020000008                SystemCoreClock
                0x000000002000000c                . = ALIGN (0x4)
                0x000000002000000c                _edata = .

.igot.plt       0x000000002000000c        0x0 load address 0x000000000800361c
 .igot.plt      0x000000002000000c        0x0 c:/st/stm32cubeide_1.3.0/stm32cubeide/plugins/com.st.stm32cube.ide.mcu.externaltools.gnu-tools-for-stm32.7-2018-q2-update.win32_1.4.0.202007081208/tools/bin/../lib/gcc/arm-none-eabi/7.3.1/thumb/v7e-m/fpv4-sp/hard/crtbegin.o
                0x000000002000000c                . = ALIGN (0x4)

.bss            0x000000002000000c      0x194 load address 0x000000000800361c
                0x000000002000000c                _sbss = .
                0x000000002000000c                __bss_start__ = _sbss
 *(.bss)
 .bss           0x000000002000000c       0x1c c:/st/stm32cubeide_1.3.0/stm32cubeide/plugins/com.st.stm32cube.ide.mcu.externaltools.gnu-tools-for-stm32.7-2018-q2-update.win32_1.4.0.202007081208/tools/bin/../lib/gcc/arm-none-eabi/7.3.1/thumb/v7e-m/fpv4-sp/hard/crtbegin.o
 *(.bss*)
 .bss.mode      0x0000000020000028        0x1 Core/Src/main.o
                0x0000000020000028                mode
 .bss.active_display_digit
                0x0000000020000029        0x1 Core/Src/main.o
                0x0000000020000029                active_display_digit
 .bss.size_buff
                0x000000002000002a        0x2 Core/Src/main.o
                0x000000002000002a                size_buff
 .bss.offset    0x000000002000002c        0x2 Core/Src/main.o
                0x000000002000002c                offset
 *fill*         0x000000002000002e        0x2 
 .bss.temperature
                0x0000000020000030        0x4 Core/Src/main.o
                0x0000000020000030                temperature
 .bss.humidity  0x0000000020000034        0x4 Core/Src/main.o
                0x0000000020000034                humidity
 .bss.acc       0x0000000020000038        0xc Core/Src/main.o
                0x0000000020000038                acc
 .bss.ret_val   0x0000000020000044        0x2 Core/Src/main.o
                0x0000000020000044                ret_val
 .bss.end_of_read_flag
                0x0000000020000046        0x1 Core/Src/main.o
                0x0000000020000046                end_of_read_flag
 .bss.ubReceiveIndex
                0x0000000020000047        0x1 Core/Src/main.o
                0x0000000020000047                ubReceiveIndex
 *(COMMON)
 COMMON         0x0000000020000048      0x157 Core/Src/main.o
                0x0000000020000048                T2
                0x000000002000004c                display_buffer_pb
                0x00000000200000cc                T3
                0x00000000200000ce                T0
                0x00000000200000d0                H0
                0x00000000200000d2                H3
                0x00000000200000d4                display_buffer_pa
                0x0000000020000154                T1
                0x0000000020000158                str
                0x0000000020000198                aReceiveBuffer_read
                0x000000002000019c                H2
                0x000000002000019e                H1
                0x00000000200001a0                . = ALIGN (0x4)
 *fill*         0x000000002000019f        0x1 
                0x00000000200001a0                _ebss = .
                0x00000000200001a0                __bss_end__ = _ebss

._user_heap_stack
                0x00000000200001a0      0x600 load address 0x000000000800361c
                0x00000000200001a0                . = ALIGN (0x8)
                [!provide]                        PROVIDE (end = .)
                0x00000000200001a0                PROVIDE (_end = .)
                0x00000000200003a0                . = (. + _Min_Heap_Size)
 *fill*         0x00000000200001a0      0x200 
                0x00000000200007a0                . = (. + _Min_Stack_Size)
 *fill*         0x00000000200003a0      0x400 
                0x00000000200007a0                . = ALIGN (0x8)

/DISCARD/
 libc.a(*)
 libm.a(*)
 libgcc.a(*)

.ARM.attributes
                0x0000000000000000       0x30
 *(.ARM.attributes)
 .ARM.attributes
                0x0000000000000000       0x22 c:/st/stm32cubeide_1.3.0/stm32cubeide/plugins/com.st.stm32cube.ide.mcu.externaltools.gnu-tools-for-stm32.7-2018-q2-update.win32_1.4.0.202007081208/tools/bin/../lib/gcc/arm-none-eabi/7.3.1/thumb/v7e-m/fpv4-sp/hard/crti.o
 .ARM.attributes
                0x0000000000000022       0x34 c:/st/stm32cubeide_1.3.0/stm32cubeide/plugins/com.st.stm32cube.ide.mcu.externaltools.gnu-tools-for-stm32.7-2018-q2-update.win32_1.4.0.202007081208/tools/bin/../lib/gcc/arm-none-eabi/7.3.1/thumb/v7e-m/fpv4-sp/hard/crtbegin.o
 .ARM.attributes
                0x0000000000000056       0x39 Core/Src/main.o
 .ARM.attributes
                0x000000000000008f       0x39 Core/Src/stm32f3xx_it.o
 .ARM.attributes
                0x00000000000000c8       0x39 Core/Src/system_stm32f3xx.o
 .ARM.attributes
                0x0000000000000101       0x21 Core/Startup/startup_stm32f303k8tx.o
 .ARM.attributes
                0x0000000000000122       0x39 Drivers/STM32F3xx_HAL_Driver/Src/stm32f3xx_ll_exti.o
 .ARM.attributes
                0x000000000000015b       0x39 Drivers/STM32F3xx_HAL_Driver/Src/stm32f3xx_ll_gpio.o
 .ARM.attributes
                0x0000000000000194       0x39 Drivers/STM32F3xx_HAL_Driver/Src/stm32f3xx_ll_i2c.o
 .ARM.attributes
                0x00000000000001cd       0x39 Drivers/STM32F3xx_HAL_Driver/Src/stm32f3xx_ll_tim.o
 .ARM.attributes
                0x0000000000000206       0x39 Drivers/STM32F3xx_HAL_Driver/Src/stm32f3xx_ll_utils.o
 .ARM.attributes
                0x000000000000023f       0x34 c:/st/stm32cubeide_1.3.0/stm32cubeide/plugins/com.st.stm32cube.ide.mcu.externaltools.gnu-tools-for-stm32.7-2018-q2-update.win32_1.4.0.202007081208/tools/bin/../lib/gcc/arm-none-eabi/7.3.1/../../../../arm-none-eabi/lib/thumb/v7e-m/fpv4-sp/hard\libc_nano.a(lib_a-init.o)
 .ARM.attributes
                0x0000000000000273       0x22 c:/st/stm32cubeide_1.3.0/stm32cubeide/plugins/com.st.stm32cube.ide.mcu.externaltools.gnu-tools-for-stm32.7-2018-q2-update.win32_1.4.0.202007081208/tools/bin/../lib/gcc/arm-none-eabi/7.3.1/thumb/v7e-m/fpv4-sp/hard\libgcc.a(_arm_addsubdf3.o)
 .ARM.attributes
                0x0000000000000295       0x22 c:/st/stm32cubeide_1.3.0/stm32cubeide/plugins/com.st.stm32cube.ide.mcu.externaltools.gnu-tools-for-stm32.7-2018-q2-update.win32_1.4.0.202007081208/tools/bin/../lib/gcc/arm-none-eabi/7.3.1/thumb/v7e-m/fpv4-sp/hard\libgcc.a(_arm_muldivdf3.o)
 .ARM.attributes
                0x00000000000002b7       0x22 c:/st/stm32cubeide_1.3.0/stm32cubeide/plugins/com.st.stm32cube.ide.mcu.externaltools.gnu-tools-for-stm32.7-2018-q2-update.win32_1.4.0.202007081208/tools/bin/../lib/gcc/arm-none-eabi/7.3.1/thumb/v7e-m/fpv4-sp/hard\libgcc.a(_arm_truncdfsf2.o)
 .ARM.attributes
                0x00000000000002d9       0x22 c:/st/stm32cubeide_1.3.0/stm32cubeide/plugins/com.st.stm32cube.ide.mcu.externaltools.gnu-tools-for-stm32.7-2018-q2-update.win32_1.4.0.202007081208/tools/bin/../lib/gcc/arm-none-eabi/7.3.1/thumb/v7e-m/fpv4-sp/hard/crtn.o
OUTPUT(vrs_zad_8_cv10.elf elf32-littlearm)

.debug_info     0x0000000000000000     0x52d1
 .debug_info    0x0000000000000000     0x1dcc Core/Src/main.o
 .debug_info    0x0000000000001dcc      0x639 Core/Src/stm32f3xx_it.o
 .debug_info    0x0000000000002405      0x400 Core/Src/system_stm32f3xx.o
 .debug_info    0x0000000000002805       0x22 Core/Startup/startup_stm32f303k8tx.o
 .debug_info    0x0000000000002827      0x550 Drivers/STM32F3xx_HAL_Driver/Src/stm32f3xx_ll_exti.o
 .debug_info    0x0000000000002d77      0x7e2 Drivers/STM32F3xx_HAL_Driver/Src/stm32f3xx_ll_gpio.o
 .debug_info    0x0000000000003559      0x5ab Drivers/STM32F3xx_HAL_Driver/Src/stm32f3xx_ll_i2c.o
 .debug_info    0x0000000000003b04      0xf9d Drivers/STM32F3xx_HAL_Driver/Src/stm32f3xx_ll_tim.o
 .debug_info    0x0000000000004aa1      0x830 Drivers/STM32F3xx_HAL_Driver/Src/stm32f3xx_ll_utils.o

.debug_abbrev   0x0000000000000000      0xfd3
 .debug_abbrev  0x0000000000000000      0x35c Core/Src/main.o
 .debug_abbrev  0x000000000000035c      0x190 Core/Src/stm32f3xx_it.o
 .debug_abbrev  0x00000000000004ec      0x111 Core/Src/system_stm32f3xx.o
 .debug_abbrev  0x00000000000005fd       0x12 Core/Startup/startup_stm32f303k8tx.o
 .debug_abbrev  0x000000000000060f      0x19e Drivers/STM32F3xx_HAL_Driver/Src/stm32f3xx_ll_exti.o
 .debug_abbrev  0x00000000000007ad      0x212 Drivers/STM32F3xx_HAL_Driver/Src/stm32f3xx_ll_gpio.o
 .debug_abbrev  0x00000000000009bf      0x184 Drivers/STM32F3xx_HAL_Driver/Src/stm32f3xx_ll_i2c.o
 .debug_abbrev  0x0000000000000b43      0x1ff Drivers/STM32F3xx_HAL_Driver/Src/stm32f3xx_ll_tim.o
 .debug_abbrev  0x0000000000000d42      0x291 Drivers/STM32F3xx_HAL_Driver/Src/stm32f3xx_ll_utils.o

.debug_aranges  0x0000000000000000      0x718
 .debug_aranges
                0x0000000000000000      0x248 Core/Src/main.o
 .debug_aranges
                0x0000000000000248       0xa0 Core/Src/stm32f3xx_it.o
 .debug_aranges
                0x00000000000002e8       0x28 Core/Src/system_stm32f3xx.o
 .debug_aranges
                0x0000000000000310       0x28 Core/Startup/startup_stm32f303k8tx.o
 .debug_aranges
                0x0000000000000338       0xb0 Drivers/STM32F3xx_HAL_Driver/Src/stm32f3xx_ll_exti.o
 .debug_aranges
                0x00000000000003e8       0x70 Drivers/STM32F3xx_HAL_Driver/Src/stm32f3xx_ll_gpio.o
 .debug_aranges
                0x0000000000000458       0x88 Drivers/STM32F3xx_HAL_Driver/Src/stm32f3xx_ll_i2c.o
 .debug_aranges
                0x00000000000004e0      0x148 Drivers/STM32F3xx_HAL_Driver/Src/stm32f3xx_ll_tim.o
 .debug_aranges
                0x0000000000000628       0xf0 Drivers/STM32F3xx_HAL_Driver/Src/stm32f3xx_ll_utils.o

.debug_ranges   0x0000000000000000      0x690
 .debug_ranges  0x0000000000000000      0x238 Core/Src/main.o
 .debug_ranges  0x0000000000000238       0x90 Core/Src/stm32f3xx_it.o
 .debug_ranges  0x00000000000002c8       0x18 Core/Src/system_stm32f3xx.o
 .debug_ranges  0x00000000000002e0       0x20 Core/Startup/startup_stm32f303k8tx.o
 .debug_ranges  0x0000000000000300       0xa0 Drivers/STM32F3xx_HAL_Driver/Src/stm32f3xx_ll_exti.o
 .debug_ranges  0x00000000000003a0       0x60 Drivers/STM32F3xx_HAL_Driver/Src/stm32f3xx_ll_gpio.o
 .debug_ranges  0x0000000000000400       0x78 Drivers/STM32F3xx_HAL_Driver/Src/stm32f3xx_ll_i2c.o
 .debug_ranges  0x0000000000000478      0x138 Drivers/STM32F3xx_HAL_Driver/Src/stm32f3xx_ll_tim.o
 .debug_ranges  0x00000000000005b0       0xe0 Drivers/STM32F3xx_HAL_Driver/Src/stm32f3xx_ll_utils.o

.debug_macro    0x0000000000000000    0x15a93
 .debug_macro   0x0000000000000000      0x1d7 Core/Src/main.o
 .debug_macro   0x00000000000001d7      0xa90 Core/Src/main.o
 .debug_macro   0x0000000000000c67       0x2e Core/Src/main.o
 .debug_macro   0x0000000000000c95       0x28 Core/Src/main.o
 .debug_macro   0x0000000000000cbd       0x22 Core/Src/main.o
 .debug_macro   0x0000000000000cdf       0x8e Core/Src/main.o
 .debug_macro   0x0000000000000d6d       0x51 Core/Src/main.o
 .debug_macro   0x0000000000000dbe       0xef Core/Src/main.o
 .debug_macro   0x0000000000000ead       0x6a Core/Src/main.o
 .debug_macro   0x0000000000000f17      0x1df Core/Src/main.o
 .debug_macro   0x00000000000010f6       0x1c Core/Src/main.o
 .debug_macro   0x0000000000001112       0x22 Core/Src/main.o
 .debug_macro   0x0000000000001134       0xdf Core/Src/main.o
 .debug_macro   0x0000000000001213      0xf07 Core/Src/main.o
 .debug_macro   0x000000000000211a    0x10bd9 Core/Src/main.o
 .debug_macro   0x0000000000012cf3       0x43 Core/Src/main.o
 .debug_macro   0x0000000000012d36      0x246 Core/Src/main.o
 .debug_macro   0x0000000000012f7c      0x4c2 Core/Src/main.o
 .debug_macro   0x000000000001343e       0xe1 Core/Src/main.o
 .debug_macro   0x000000000001351f      0x29f Core/Src/main.o
 .debug_macro   0x00000000000137be       0xfe Core/Src/main.o
 .debug_macro   0x00000000000138bc       0x28 Core/Src/main.o
 .debug_macro   0x00000000000138e4       0x30 Core/Src/main.o
 .debug_macro   0x0000000000013914       0xa8 Core/Src/main.o
 .debug_macro   0x00000000000139bc      0x287 Core/Src/main.o
 .debug_macro   0x0000000000013c43      0x803 Core/Src/main.o
 .debug_macro   0x0000000000014446      0x142 Core/Src/main.o
 .debug_macro   0x0000000000014588      0x100 Core/Src/main.o
 .debug_macro   0x0000000000014688      0x151 Core/Src/stm32f3xx_it.o
 .debug_macro   0x00000000000147d9       0xbd Core/Src/system_stm32f3xx.o
 .debug_macro   0x0000000000014896       0xea Drivers/STM32F3xx_HAL_Driver/Src/stm32f3xx_ll_exti.o
 .debug_macro   0x0000000000014980       0xf8 Drivers/STM32F3xx_HAL_Driver/Src/stm32f3xx_ll_exti.o
 .debug_macro   0x0000000000014a78       0xff Drivers/STM32F3xx_HAL_Driver/Src/stm32f3xx_ll_gpio.o
 .debug_macro   0x0000000000014b77      0x13c Drivers/STM32F3xx_HAL_Driver/Src/stm32f3xx_ll_gpio.o
 .debug_macro   0x0000000000014cb3       0xff Drivers/STM32F3xx_HAL_Driver/Src/stm32f3xx_ll_i2c.o
 .debug_macro   0x0000000000014db2      0x240 Drivers/STM32F3xx_HAL_Driver/Src/stm32f3xx_ll_i2c.o
 .debug_macro   0x0000000000014ff2      0x169 Drivers/STM32F3xx_HAL_Driver/Src/stm32f3xx_ll_tim.o
 .debug_macro   0x000000000001515b      0x7fd Drivers/STM32F3xx_HAL_Driver/Src/stm32f3xx_ll_tim.o
 .debug_macro   0x0000000000015958      0x13b Drivers/STM32F3xx_HAL_Driver/Src/stm32f3xx_ll_utils.o

.debug_line     0x0000000000000000     0x3ce4
 .debug_line    0x0000000000000000      0xdb0 Core/Src/main.o
 .debug_line    0x0000000000000db0      0x6fd Core/Src/stm32f3xx_it.o
 .debug_line    0x00000000000014ad      0x479 Core/Src/system_stm32f3xx.o
 .debug_line    0x0000000000001926       0x88 Core/Startup/startup_stm32f303k8tx.o
 .debug_line    0x00000000000019ae      0x642 Drivers/STM32F3xx_HAL_Driver/Src/stm32f3xx_ll_exti.o
 .debug_line    0x0000000000001ff0      0x661 Drivers/STM32F3xx_HAL_Driver/Src/stm32f3xx_ll_gpio.o
 .debug_line    0x0000000000002651      0x5c5 Drivers/STM32F3xx_HAL_Driver/Src/stm32f3xx_ll_i2c.o
 .debug_line    0x0000000000002c16      0x959 Drivers/STM32F3xx_HAL_Driver/Src/stm32f3xx_ll_tim.o
 .debug_line    0x000000000000356f      0x775 Drivers/STM32F3xx_HAL_Driver/Src/stm32f3xx_ll_utils.o

.debug_str      0x0000000000000000    0x7552a
 .debug_str     0x0000000000000000    0x71b82 Core/Src/main.o
                                      0x71ecf (size before relaxing)
 .debug_str     0x0000000000071b82      0x181 Core/Src/stm32f3xx_it.o
                                      0x70fdc (size before relaxing)
 .debug_str     0x0000000000071d03       0x5f Core/Src/system_stm32f3xx.o
                                      0x651eb (size before relaxing)
 .debug_str     0x0000000000071d62       0x36 Core/Startup/startup_stm32f303k8tx.o
                                         0x6c (size before relaxing)
 .debug_str     0x0000000000071d98      0x470 Drivers/STM32F3xx_HAL_Driver/Src/stm32f3xx_ll_exti.o
                                      0x65b1f (size before relaxing)
 .debug_str     0x0000000000072208      0x600 Drivers/STM32F3xx_HAL_Driver/Src/stm32f3xx_ll_gpio.o
                                      0x6654e (size before relaxing)
 .debug_str     0x0000000000072808      0x3fb Drivers/STM32F3xx_HAL_Driver/Src/stm32f3xx_ll_i2c.o
                                      0x66bda (size before relaxing)
 .debug_str     0x0000000000072c03     0x1c0c Drivers/STM32F3xx_HAL_Driver/Src/stm32f3xx_ll_tim.o
                                      0x6b49e (size before relaxing)
 .debug_str     0x000000000007480f      0xd1b Drivers/STM32F3xx_HAL_Driver/Src/stm32f3xx_ll_utils.o
                                      0x6a220 (size before relaxing)

.comment        0x0000000000000000       0x7b
 .comment       0x0000000000000000       0x7b Core/Src/main.o
                                         0x7c (size before relaxing)
 .comment       0x000000000000007b       0x7c Core/Src/stm32f3xx_it.o
 .comment       0x000000000000007b       0x7c Core/Src/system_stm32f3xx.o
 .comment       0x000000000000007b       0x7c Drivers/STM32F3xx_HAL_Driver/Src/stm32f3xx_ll_exti.o
 .comment       0x000000000000007b       0x7c Drivers/STM32F3xx_HAL_Driver/Src/stm32f3xx_ll_gpio.o
 .comment       0x000000000000007b       0x7c Drivers/STM32F3xx_HAL_Driver/Src/stm32f3xx_ll_i2c.o
 .comment       0x000000000000007b       0x7c Drivers/STM32F3xx_HAL_Driver/Src/stm32f3xx_ll_tim.o
 .comment       0x000000000000007b       0x7c Drivers/STM32F3xx_HAL_Driver/Src/stm32f3xx_ll_utils.o

.debug_frame    0x0000000000000000     0x1ec4
 .debug_frame   0x0000000000000000      0xa54 Core/Src/main.o
 .debug_frame   0x0000000000000a54      0x22c Core/Src/stm32f3xx_it.o
 .debug_frame   0x0000000000000c80       0x58 Core/Src/system_stm32f3xx.o
 .debug_frame   0x0000000000000cd8      0x2fc Drivers/STM32F3xx_HAL_Driver/Src/stm32f3xx_ll_exti.o
 .debug_frame   0x0000000000000fd4      0x1c0 Drivers/STM32F3xx_HAL_Driver/Src/stm32f3xx_ll_gpio.o
 .debug_frame   0x0000000000001194      0x238 Drivers/STM32F3xx_HAL_Driver/Src/stm32f3xx_ll_i2c.o
 .debug_frame   0x00000000000013cc      0x5d0 Drivers/STM32F3xx_HAL_Driver/Src/stm32f3xx_ll_tim.o
 .debug_frame   0x000000000000199c      0x3dc Drivers/STM32F3xx_HAL_Driver/Src/stm32f3xx_ll_utils.o
 .debug_frame   0x0000000000001d78       0x2c c:/st/stm32cubeide_1.3.0/stm32cubeide/plugins/com.st.stm32cube.ide.mcu.externaltools.gnu-tools-for-stm32.7-2018-q2-update.win32_1.4.0.202007081208/tools/bin/../lib/gcc/arm-none-eabi/7.3.1/../../../../arm-none-eabi/lib/thumb/v7e-m/fpv4-sp/hard\libc_nano.a(lib_a-init.o)
 .debug_frame   0x0000000000001da4       0xac c:/st/stm32cubeide_1.3.0/stm32cubeide/plugins/com.st.stm32cube.ide.mcu.externaltools.gnu-tools-for-stm32.7-2018-q2-update.win32_1.4.0.202007081208/tools/bin/../lib/gcc/arm-none-eabi/7.3.1/thumb/v7e-m/fpv4-sp/hard\libgcc.a(_arm_addsubdf3.o)
 .debug_frame   0x0000000000001e50       0x50 c:/st/stm32cubeide_1.3.0/stm32cubeide/plugins/com.st.stm32cube.ide.mcu.externaltools.gnu-tools-for-stm32.7-2018-q2-update.win32_1.4.0.202007081208/tools/bin/../lib/gcc/arm-none-eabi/7.3.1/thumb/v7e-m/fpv4-sp/hard\libgcc.a(_arm_muldivdf3.o)
 .debug_frame   0x0000000000001ea0       0x24 c:/st/stm32cubeide_1.3.0/stm32cubeide/plugins/com.st.stm32cube.ide.mcu.externaltools.gnu-tools-for-stm32.7-2018-q2-update.win32_1.4.0.202007081208/tools/bin/../lib/gcc/arm-none-eabi/7.3.1/thumb/v7e-m/fpv4-sp/hard\libgcc.a(_arm_truncdfsf2.o)
