Archive member included to satisfy reference by file (symbol)

c:/st/stm32cubeide_1.3.0/stm32cubeide/plugins/com.st.stm32cube.ide.mcu.externaltools.gnu-tools-for-stm32.7-2018-q2-update.win32_1.4.0.202007081208/tools/bin/../lib/gcc/arm-none-eabi/7.3.1/../../../../arm-none-eabi/lib/thumb/v7e-m/fpv4-sp/hard\libc_nano.a(lib_a-errno.o)
                              Core/Src/syscalls.o (__errno)
c:/st/stm32cubeide_1.3.0/stm32cubeide/plugins/com.st.stm32cube.ide.mcu.externaltools.gnu-tools-for-stm32.7-2018-q2-update.win32_1.4.0.202007081208/tools/bin/../lib/gcc/arm-none-eabi/7.3.1/../../../../arm-none-eabi/lib/thumb/v7e-m/fpv4-sp/hard\libc_nano.a(lib_a-exit.o)
                              c:/st/stm32cubeide_1.3.0/stm32cubeide/plugins/com.st.stm32cube.ide.mcu.externaltools.gnu-tools-for-stm32.7-2018-q2-update.win32_1.4.0.202007081208/tools/bin/../lib/gcc/arm-none-eabi/7.3.1/../../../../arm-none-eabi/lib/thumb/v7e-m/fpv4-sp/hard/crt0.o (exit)
c:/st/stm32cubeide_1.3.0/stm32cubeide/plugins/com.st.stm32cube.ide.mcu.externaltools.gnu-tools-for-stm32.7-2018-q2-update.win32_1.4.0.202007081208/tools/bin/../lib/gcc/arm-none-eabi/7.3.1/../../../../arm-none-eabi/lib/thumb/v7e-m/fpv4-sp/hard\libc_nano.a(lib_a-impure.o)
                              c:/st/stm32cubeide_1.3.0/stm32cubeide/plugins/com.st.stm32cube.ide.mcu.externaltools.gnu-tools-for-stm32.7-2018-q2-update.win32_1.4.0.202007081208/tools/bin/../lib/gcc/arm-none-eabi/7.3.1/../../../../arm-none-eabi/lib/thumb/v7e-m/fpv4-sp/hard\libc_nano.a(lib_a-exit.o) (_global_impure_ptr)
c:/st/stm32cubeide_1.3.0/stm32cubeide/plugins/com.st.stm32cube.ide.mcu.externaltools.gnu-tools-for-stm32.7-2018-q2-update.win32_1.4.0.202007081208/tools/bin/../lib/gcc/arm-none-eabi/7.3.1/../../../../arm-none-eabi/lib/thumb/v7e-m/fpv4-sp/hard\libc_nano.a(lib_a-init.o)
                              c:/st/stm32cubeide_1.3.0/stm32cubeide/plugins/com.st.stm32cube.ide.mcu.externaltools.gnu-tools-for-stm32.7-2018-q2-update.win32_1.4.0.202007081208/tools/bin/../lib/gcc/arm-none-eabi/7.3.1/../../../../arm-none-eabi/lib/thumb/v7e-m/fpv4-sp/hard/crt0.o (__libc_init_array)
c:/st/stm32cubeide_1.3.0/stm32cubeide/plugins/com.st.stm32cube.ide.mcu.externaltools.gnu-tools-for-stm32.7-2018-q2-update.win32_1.4.0.202007081208/tools/bin/../lib/gcc/arm-none-eabi/7.3.1/../../../../arm-none-eabi/lib/thumb/v7e-m/fpv4-sp/hard\libc_nano.a(lib_a-memset.o)
                              c:/st/stm32cubeide_1.3.0/stm32cubeide/plugins/com.st.stm32cube.ide.mcu.externaltools.gnu-tools-for-stm32.7-2018-q2-update.win32_1.4.0.202007081208/tools/bin/../lib/gcc/arm-none-eabi/7.3.1/../../../../arm-none-eabi/lib/thumb/v7e-m/fpv4-sp/hard/crt0.o (memset)
c:/st/stm32cubeide_1.3.0/stm32cubeide/plugins/com.st.stm32cube.ide.mcu.externaltools.gnu-tools-for-stm32.7-2018-q2-update.win32_1.4.0.202007081208/tools/bin/../lib/gcc/arm-none-eabi/7.3.1/../../../../arm-none-eabi/lib/thumb/v7e-m/fpv4-sp/hard\libm.a(lib_a-s_atan.o)
                              Core/Src/main.o (atan)
c:/st/stm32cubeide_1.3.0/stm32cubeide/plugins/com.st.stm32cube.ide.mcu.externaltools.gnu-tools-for-stm32.7-2018-q2-update.win32_1.4.0.202007081208/tools/bin/../lib/gcc/arm-none-eabi/7.3.1/../../../../arm-none-eabi/lib/thumb/v7e-m/fpv4-sp/hard\libm.a(lib_a-s_fabs.o)
                              c:/st/stm32cubeide_1.3.0/stm32cubeide/plugins/com.st.stm32cube.ide.mcu.externaltools.gnu-tools-for-stm32.7-2018-q2-update.win32_1.4.0.202007081208/tools/bin/../lib/gcc/arm-none-eabi/7.3.1/../../../../arm-none-eabi/lib/thumb/v7e-m/fpv4-sp/hard\libm.a(lib_a-s_atan.o) (fabs)
c:/st/stm32cubeide_1.3.0/stm32cubeide/plugins/com.st.stm32cube.ide.mcu.externaltools.gnu-tools-for-stm32.7-2018-q2-update.win32_1.4.0.202007081208/tools/bin/../lib/gcc/arm-none-eabi/7.3.1/../../../../arm-none-eabi/lib/thumb/v7e-m/fpv4-sp/hard\libm.a(lib_a-s_round.o)
                              Core/Src/main.o (round)
c:/st/stm32cubeide_1.3.0/stm32cubeide/plugins/com.st.stm32cube.ide.mcu.externaltools.gnu-tools-for-stm32.7-2018-q2-update.win32_1.4.0.202007081208/tools/bin/../lib/gcc/arm-none-eabi/7.3.1/../../../../arm-none-eabi/lib/thumb/v7e-m/fpv4-sp/hard\libm.a(lib_a-w_pow.o)
                              Core/Src/main.o (pow)
c:/st/stm32cubeide_1.3.0/stm32cubeide/plugins/com.st.stm32cube.ide.mcu.externaltools.gnu-tools-for-stm32.7-2018-q2-update.win32_1.4.0.202007081208/tools/bin/../lib/gcc/arm-none-eabi/7.3.1/../../../../arm-none-eabi/lib/thumb/v7e-m/fpv4-sp/hard\libm.a(lib_a-e_pow.o)
                              c:/st/stm32cubeide_1.3.0/stm32cubeide/plugins/com.st.stm32cube.ide.mcu.externaltools.gnu-tools-for-stm32.7-2018-q2-update.win32_1.4.0.202007081208/tools/bin/../lib/gcc/arm-none-eabi/7.3.1/../../../../arm-none-eabi/lib/thumb/v7e-m/fpv4-sp/hard\libm.a(lib_a-w_pow.o) (__ieee754_pow)
[...]
Memory Configuration

Name             Origin             Length             Attributes
CCMRAM           0x0000000010000000 0x0000000000001000 xrw
RAM              0x0000000020000000 0x0000000000003000 xrw
FLASH            0x0000000008000000 0x0000000000010000 xr
*default*        0x0000000000000000 0xffffffffffffffff

Linker script and memory map

LOAD c:/st/stm32cubeide_1.3.0/stm32cubeide/plugins/com.st.stm32cube.ide.mcu.externaltools.gnu-tools-for-stm32.7-2018-q2-update.win32_1.4.0.202007081208/tools/bin/../lib/gcc/arm-none-eabi/7.3.1/thumb/v7e-m/fpv4-sp/hard/crti.o
LOAD c:/st/stm32cubeide_1.3.0/stm32cubeide/plugins/com.st.stm32cube.ide.mcu.externaltools.gnu-tools-for-stm32.7-2018-q2-update.win32_1.4.0.202007081208/tools/bin/../lib/gcc/arm-none-eabi/7.3.1/thumb/v7e-m/fpv4-sp/hard/crtbegin.o
LOAD c:/st/stm32cubeide_1.3.0/stm32cubeide/plugins/com.st.stm32cube.ide.mcu.externaltools.gnu-tools-for-stm32.7-2018-q2-update.win32_1.4.0.202007081208/tools/bin/../lib/gcc/arm-none-eabi/7.3.1/../../../../arm-none-eabi/lib/thumb/v7e-m/fpv4-sp/hard/crt0.o
LOAD Core/Src/main.o
LOAD Core/Src/stm32f3xx_it.o
LOAD Core/Src/syscalls.o
LOAD Core/Src/sysmem.o
LOAD Core/Src/system_stm32f3xx.o
LOAD Core/Startup/startup_stm32f303k8tx.o
LOAD Drivers/STM32F3xx_HAL_Driver/Src/stm32f3xx_ll_dma.o
LOAD Drivers/STM32F3xx_HAL_Driver/Src/stm32f3xx_ll_exti.o
LOAD Drivers/STM32F3xx_HAL_Driver/Src/stm32f3xx_ll_gpio.o
LOAD Drivers/STM32F3xx_HAL_Driver/Src/stm32f3xx_ll_i2c.o
LOAD Drivers/STM32F3xx_HAL_Driver/Src/stm32f3xx_ll_rcc.o
LOAD Drivers/STM32F3xx_HAL_Driver/Src/stm32f3xx_ll_tim.o
LOAD Drivers/STM32F3xx_HAL_Driver/Src/stm32f3xx_ll_utils.o
START GROUP
LOAD c:/st/stm32cubeide_1.3.0/stm32cubeide/plugins/com.st.stm32cube.ide.mcu.externaltools.gnu-tools-for-stm32.7-2018-q2-update.win32_1.4.0.202007081208/tools/bin/../lib/gcc/arm-none-eabi/7.3.1/../../../../arm-none-eabi/lib/thumb/v7e-m/fpv4-sp/hard\libc_nano.a
LOAD c:/st/stm32cubeide_1.3.0/stm32cubeide/plugins/com.st.stm32cube.ide.mcu.externaltools.gnu-tools-for-stm32.7-2018-q2-update.win32_1.4.0.202007081208/tools/bin/../lib/gcc/arm-none-eabi/7.3.1/../../../../arm-none-eabi/lib/thumb/v7e-m/fpv4-sp/hard\libm.a
END GROUP
START GROUP
LOAD c:/st/stm32cubeide_1.3.0/stm32cubeide/plugins/com.st.stm32cube.ide.mcu.externaltools.gnu-tools-for-stm32.7-2018-q2-update.win32_1.4.0.202007081208/tools/bin/../lib/gcc/arm-none-eabi/7.3.1/thumb/v7e-m/fpv4-sp/hard\libgcc.a
LOAD c:/st/stm32cubeide_1.3.0/stm32cubeide/plugins/com.st.stm32cube.ide.mcu.externaltools.gnu-tools-for-stm32.7-2018-q2-update.win32_1.4.0.202007081208/tools/bin/../lib/gcc/arm-none-eabi/7.3.1/../../../../arm-none-eabi/lib/thumb/v7e-m/fpv4-sp/hard\libc_nano.a
END GROUP
START GROUP
LOAD c:/st/stm32cubeide_1.3.0/stm32cubeide/plugins/com.st.stm32cube.ide.mcu.externaltools.gnu-tools-for-stm32.7-2018-q2-update.win32_1.4.0.202007081208/tools/bin/../lib/gcc/arm-none-eabi/7.3.1/thumb/v7e-m/fpv4-sp/hard\libgcc.a
LOAD c:/st/stm32cubeide_1.3.0/stm32cubeide/plugins/com.st.stm32cube.ide.mcu.externaltools.gnu-tools-for-stm32.7-2018-q2-update.win32_1.4.0.202007081208/tools/bin/../lib/gcc/arm-none-eabi/7.3.1/../../../../arm-none-eabi/lib/thumb/v7e-m/fpv4-sp/hard\libc_nano.a
LOAD c:/st/stm32cubeide_1.3.0/stm32cubeide/plugins/com.st.stm32cube.ide.mcu.externaltools.gnu-tools-for-stm32.7-2018-q2-update.win32_1.4.0.202007081208/tools/bin/../lib/gcc/arm-none-eabi/7.3.1/../../../../arm-none-eabi/lib/thumb/v7e-m/fpv4-sp/hard\libnosys.a
END GROUP
START GROUP
LOAD c:/st/stm32cubeide_1.3.0/stm32cubeide/plugins/com.st.stm32cube.ide.mcu.externaltools.gnu-tools-for-stm32.7-2018-q2-update.win32_1.4.0.202007081208/tools/bin/../lib/gcc/arm-none-eabi/7.3.1/thumb/v7e-m/fpv4-sp/hard\libgcc.a
LOAD c:/st/stm32cubeide_1.3.0/stm32cubeide/plugins/com.st.stm32cube.ide.mcu.externaltools.gnu-tools-for-stm32.7-2018-q2-update.win32_1.4.0.202007081208/tools/bin/../lib/gcc/arm-none-eabi/7.3.1/../../../../arm-none-eabi/lib/thumb/v7e-m/fpv4-sp/hard\libc_nano.a
LOAD c:/st/stm32cubeide_1.3.0/stm32cubeide/plugins/com.st.stm32cube.ide.mcu.externaltools.gnu-tools-for-stm32.7-2018-q2-update.win32_1.4.0.202007081208/tools/bin/../lib/gcc/arm-none-eabi/7.3.1/../../../../arm-none-eabi/lib/thumb/v7e-m/fpv4-sp/hard\libnosys.a
END GROUP
LOAD c:/st/stm32cubeide_1.3.0/stm32cubeide/plugins/com.st.stm32cube.ide.mcu.externaltools.gnu-tools-for-stm32.7-2018-q2-update.win32_1.4.0.202007081208/tools/bin/../lib/gcc/arm-none-eabi/7.3.1/thumb/v7e-m/fpv4-sp/hard/crtend.o
LOAD c:/st/stm32cubeide_1.3.0/stm32cubeide/plugins/com.st.stm32cube.ide.mcu.externaltools.gnu-tools-for-stm32.7-2018-q2-update.win32_1.4.0.202007081208/tools/bin/../lib/gcc/arm-none-eabi/7.3.1/thumb/v7e-m/fpv4-sp/hard/crtn.o
                0x0000000020003000                _estack = (ORIGIN (RAM) + LENGTH (RAM))
                0x0000000000000200                _Min_Heap_Size = 0x200
                0x0000000000000400                _Min_Stack_Size = 0x400

.isr_vector     0x0000000008000000      0x188
                0x0000000008000000                . = ALIGN (0x4)
 *(.isr_vector)
 .isr_vector    0x0000000008000000      0x188 Core/Startup/startup_stm32f303k8tx.o
                0x0000000008000000                g_pfnVectors
                0x0000000008000188                . = ALIGN (0x4)

.text           0x0000000008000188     0x4f2c
                0x0000000008000188                . = ALIGN (0x4)
 *(.text)
 .text          0x0000000008000188       0x40 c:/st/stm32cubeide_1.3.0/stm32cubeide/plugins/com.st.stm32cube.ide.mcu.externaltools.gnu-tools-for-stm32.7-2018-q2-update.win32_1.4.0.202007081208/tools/bin/../lib/gcc/arm-none-eabi/7.3.1/thumb/v7e-m/fpv4-sp/hard/crtbegin.o
 .text          0x00000000080001c8      0x378 c:/st/stm32cubeide_1.3.0/stm32cubeide/plugins/com.st.stm32cube.ide.mcu.externaltools.gnu-tools-for-stm32.7-2018-q2-update.win32_1.4.0.202007081208/tools/bin/../lib/gcc/arm-none-eabi/7.3.1/thumb/v7e-m/fpv4-sp/hard\libgcc.a(_arm_addsubdf3.o)
                0x00000000080001c8                __aeabi_drsub
                0x00000000080001d0                __aeabi_dsub
                0x00000000080001d0                __subdf3
                0x00000000080001d4                __aeabi_dadd
                0x00000000080001d4                __adddf3
                0x000000000800044c                __floatunsidf
                0x000000000800044c                __aeabi_ui2d
                0x000000000800046c                __floatsidf
                0x000000000800046c                __aeabi_i2d
                0x0000000008000490                __aeabi_f2d
                0x0000000008000490                __extendsfdf2
                0x00000000080004d4                __floatundidf
                0x00000000080004d4                __aeabi_ul2d
                0x00000000080004e4                __floatdidf
                0x00000000080004e4                __aeabi_l2d
 .text          0x0000000008000540      0x424 c:/st/stm32cubeide_1.3.0/stm32cubeide/plugins/com.st.stm32cube.ide.mcu.externaltools.gnu-tools-for-stm32.7-2018-q2-update.win32_1.4.0.202007081208/tools/bin/../lib/gcc/arm-none-eabi/7.3.1/thumb/v7e-m/fpv4-sp/hard\libgcc.a(_arm_muldivdf3.o)
                0x0000000008000540                __aeabi_dmul
                0x0000000008000540                __muldf3
                0x0000000008000794                __divdf3
                0x0000000008000794                __aeabi_ddiv
 .text          0x0000000008000964      0x110 c:/st/stm32cubeide_1.3.0/stm32cubeide/plugins/com.st.stm32cube.ide.mcu.externaltools.gnu-tools-for-stm32.7-2018-q2-update.win32_1.4.0.202007081208/tools/bin/../lib/gcc/arm-none-eabi/7.3.1/thumb/v7e-m/fpv4-sp/hard\libgcc.a(_arm_cmpdf2.o)
                0x0000000008000964                __gtdf2
                0x0000000008000964                __gedf2
                0x000000000800096c                __ltdf2
                0x000000000800096c                __ledf2
                0x0000000008000974                __nedf2
                0x0000000008000974                __eqdf2
                0x0000000008000974                __cmpdf2
                0x00000000080009f0                __aeabi_cdrcmple
                0x0000000008000a00                __aeabi_cdcmpeq
                0x0000000008000a00                __aeabi_cdcmple
                0x0000000008000a10                __aeabi_dcmpeq
                0x0000000008000a24                __aeabi_dcmplt
                0x0000000008000a38                __aeabi_dcmple
                0x0000000008000a4c                __aeabi_dcmpge
                0x0000000008000a60                __aeabi_dcmpgt
 .text          0x0000000008000a74       0x2c c:/st/stm32cubeide_1.3.0/stm32cubeide/plugins/com.st.stm32cube.ide.mcu.externaltools.gnu-tools-for-stm32.7-2018-q2-update.win32_1.4.0.202007081208/tools/bin/../lib/gcc/arm-none-eabi/7.3.1/thumb/v7e-m/fpv4-sp/hard\libgcc.a(_arm_unorddf2.o)
                0x0000000008000a74                __unorddf2
                0x0000000008000a74                __aeabi_dcmpun
 .text          0x0000000008000aa0       0xa0 c:/st/stm32cubeide_1.3.0/stm32cubeide/plugins/com.st.stm32cube.ide.mcu.externaltools.gnu-tools-for-stm32.7-2018-q2-update.win32_1.4.0.202007081208/tools/bin/../lib/gcc/arm-none-eabi/7.3.1/thumb/v7e-m/fpv4-sp/hard\libgcc.a(_arm_truncdfsf2.o)
                0x0000000008000aa0                __truncdfsf2
                0x0000000008000aa0                __aeabi_d2f
 *(.text*)
 .text.__NVIC_SetPriorityGrouping
                0x0000000008000b40       0x48 Core/Src/main.o
 .text.__NVIC_GetPriorityGrouping
                0x0000000008000b88       0x1c Core/Src/main.o
 .text.__NVIC_EnableIRQ
                0x0000000008000ba4       0x3c Core/Src/main.o
 .text.__NVIC_SetPriority
                0x0000000008000be0       0x54 Core/Src/main.o
 .text.NVIC_EncodePriority
                0x0000000008000c34       0x66 Core/Src/main.o
 .text.LL_I2C_DisableClockStretching
                0x0000000008000c9a       0x20 Core/Src/main.o
 .text.LL_I2C_DisableGeneralCall
                0x0000000008000cba       0x20 Core/Src/main.o
 .text.LL_I2C_SetOwnAddress2
                0x0000000008000cda       0x30 Core/Src/main.o
 .text.LL_I2C_DisableOwnAddress2
                0x0000000008000d0a       0x20 Core/Src/main.o
 .text.LL_I2C_EnableIT_RX
                0x0000000008000d2a       0x20 Core/Src/main.o
 .text.LL_I2C_DisableIT_RX
                0x0000000008000d4a       0x20 Core/Src/main.o
 .text.LL_I2C_IsActiveFlag_TXIS
                0x0000000008000d6a       0x26 Core/Src/main.o
 .text.LL_I2C_IsActiveFlag_STOP
                0x0000000008000d90       0x26 Core/Src/main.o
 .text.LL_I2C_ClearFlag_STOP
                0x0000000008000db6       0x20 Core/Src/main.o
 .text.LL_I2C_EnableAutoEndMode
                0x0000000008000dd6       0x20 Core/Src/main.o
 *fill*         0x0000000008000df6        0x2 
 .text.LL_I2C_HandleTransfer
                0x0000000008000df8       0x4c Core/Src/main.o
 .text.LL_I2C_TransmitData8
                0x0000000008000e44       0x1e Core/Src/main.o
 *fill*         0x0000000008000e62        0x2 
 .text.LL_RCC_HSI_Enable
                0x0000000008000e64       0x20 Core/Src/main.o
 .text.LL_RCC_HSI_IsReady
                0x0000000008000e84       0x24 Core/Src/main.o
 .text.LL_RCC_HSI_SetCalibTrimming
                0x0000000008000ea8       0x2c Core/Src/main.o
 .text.LL_RCC_SetSysClkSource
                0x0000000008000ed4       0x28 Core/Src/main.o
 .text.LL_RCC_GetSysClkSource
                0x0000000008000efc       0x1c Core/Src/main.o
 .text.LL_RCC_SetAHBPrescaler
                0x0000000008000f18       0x28 Core/Src/main.o
 .text.LL_RCC_SetAPB1Prescaler
                0x0000000008000f40       0x28 Core/Src/main.o
 .text.LL_RCC_SetAPB2Prescaler
                0x0000000008000f68       0x28 Core/Src/main.o
 .text.LL_RCC_SetI2CClockSource
                0x0000000008000f90       0x30 Core/Src/main.o
 .text.LL_AHB1_GRP1_EnableClock
                0x0000000008000fc0       0x30 Core/Src/main.o
 .text.LL_APB1_GRP1_EnableClock
                0x0000000008000ff0       0x30 Core/Src/main.o
 .text.LL_APB2_GRP1_EnableClock
                0x0000000008001020       0x30 Core/Src/main.o
 .text.LL_SYSCFG_SetEXTISource
                0x0000000008001050       0x5c Core/Src/main.o
 .text.LL_FLASH_SetLatency
                0x00000000080010ac       0x28 Core/Src/main.o
 .text.LL_FLASH_GetLatency
                0x00000000080010d4       0x1c Core/Src/main.o
 .text.LL_TIM_DisableARRPreload
                0x00000000080010f0       0x20 Core/Src/main.o
 .text.LL_TIM_EnableIT_UPDATE
                0x0000000008001110       0x20 Core/Src/main.o
 .text.LL_GPIO_SetPinMode
                0x0000000008001130       0x5e Core/Src/main.o
 .text.LL_GPIO_SetPinPull
                0x000000000800118e       0x5e Core/Src/main.o
 .text.LL_GPIO_ResetOutputPin
                0x00000000080011ec       0x1c Core/Src/main.o
 .text.main     0x0000000008001208      0x25c Core/Src/main.o
                0x0000000008001208                main
 .text.SystemClock_Config
                0x0000000008001464       0x6c Core/Src/main.o
                0x0000000008001464                SystemClock_Config
 .text.MX_I2C1_Init
                0x00000000080014d0       0xdc Core/Src/main.o
 .text.MX_TIM16_Init
                0x00000000080015ac       0x70 Core/Src/main.o
 .text.MX_TIM17_Init
                0x000000000800161c       0x70 Core/Src/main.o
 .text.MX_GPIO_Init
                0x000000000800168c      0x124 Core/Src/main.o
 .text.push_button_pushed_fcn
                0x00000000080017b0      0x1cc Core/Src/main.o
                0x00000000080017b0                push_button_pushed_fcn
 .text.while_loop_converse
                0x000000000800197c       0x60 Core/Src/main.o
                0x000000000800197c                while_loop_converse
 .text.float_to_char
                0x00000000080019dc      0x1b0 Core/Src/main.o
                0x00000000080019dc                float_to_char
 .text.hts221_get_temp
                0x0000000008001b8c      0x11c Core/Src/main.o
                0x0000000008001b8c                hts221_get_temp
 .text.hts221_get_hum
                0x0000000008001ca8      0x13c Core/Src/main.o
                0x0000000008001ca8                hts221_get_hum
 .text.lps25hb_get_pressure
                0x0000000008001de4       0xbc Core/Src/main.o
                0x0000000008001de4                lps25hb_get_pressure
 .text.lis3mdl_get_azymuth
                0x0000000008001ea0      0x18c Core/Src/main.o
                0x0000000008001ea0                lis3mdl_get_azymuth
 .text.hts221_init
                0x000000000800202c      0x1a0 Core/Src/main.o
                0x000000000800202c                hts221_init
 .text.lps25hb_init
                0x00000000080021cc       0x6a Core/Src/main.o
                0x00000000080021cc                lps25hb_init
 .text.lis3mdl_init
                0x0000000008002236       0x94 Core/Src/main.o
                0x0000000008002236                lis3mdl_init
 *fill*         0x00000000080022ca        0x2 
 .text.i2c_master_write
                0x00000000080022cc       0x88 Core/Src/main.o
                0x00000000080022cc                i2c_master_write
 .text.i2c_master_read
                0x0000000008002354       0xf8 Core/Src/main.o
                0x0000000008002354                i2c_master_read
 .text.my_str_cpy
                0x000000000800244c       0x54 Core/Src/main.o
                0x000000000800244c                my_str_cpy
 .text.convert_char_to_7seg
                0x00000000080024a0      0x6d0 Core/Src/main.o
                0x00000000080024a0                convert_char_to_7seg
 .text.convert_str_to_7seg
                0x0000000008002b70       0x74 Core/Src/main.o
                0x0000000008002b70                convert_str_to_7seg
 *fill*         0x0000000008002be4        0x4 
 .text.calculate_altitude
                0x0000000008002be8       0xf0 Core/Src/main.o
                0x0000000008002be8                calculate_altitude
 .text.start_tim17_with_IT
                0x0000000008002cd8       0x20 Core/Src/main.o
                0x0000000008002cd8                start_tim17_with_IT
 .text.start_tim16_with_IT
                0x0000000008002cf8       0x20 Core/Src/main.o
                0x0000000008002cf8                start_tim16_with_IT
 .text.multiplex_display_fcn
                0x0000000008002d18      0x12c Core/Src/main.o
                0x0000000008002d18                multiplex_display_fcn
 .text.test_push_button_state
                0x0000000008002e44       0x40 Core/Src/main.o
                0x0000000008002e44                test_push_button_state
 .text.LL_I2C_IsActiveFlag_RXNE
                0x0000000008002e84       0x26 Core/Src/stm32f3xx_it.o
 .text.LL_I2C_ReceiveData8
                0x0000000008002eaa       0x1a Core/Src/stm32f3xx_it.o
 .text.LL_EXTI_IsActiveFlag_0_31
                0x0000000008002ec4       0x2c Core/Src/stm32f3xx_it.o
 .text.LL_EXTI_ClearFlag_0_31
                0x0000000008002ef0       0x20 Core/Src/stm32f3xx_it.o
 .text.NMI_Handler
                0x0000000008002f10        0xe Core/Src/stm32f3xx_it.o
                0x0000000008002f10                NMI_Handler
 .text.HardFault_Handler
                0x0000000008002f1e        0x6 Core/Src/stm32f3xx_it.o
                0x0000000008002f1e                HardFault_Handler
 .text.MemManage_Handler
                0x0000000008002f24        0x6 Core/Src/stm32f3xx_it.o
                0x0000000008002f24                MemManage_Handler
 .text.BusFault_Handler
                0x0000000008002f2a        0x6 Core/Src/stm32f3xx_it.o
                0x0000000008002f2a                BusFault_Handler
 .text.UsageFault_Handler
                0x0000000008002f30        0x6 Core/Src/stm32f3xx_it.o
                0x0000000008002f30                UsageFault_Handler
 .text.SVC_Handler
                0x0000000008002f36        0xe Core/Src/stm32f3xx_it.o
                0x0000000008002f36                SVC_Handler
 .text.DebugMon_Handler
                0x0000000008002f44        0xe Core/Src/stm32f3xx_it.o
                0x0000000008002f44                DebugMon_Handler
 .text.PendSV_Handler
                0x0000000008002f52        0xe Core/Src/stm32f3xx_it.o
                0x0000000008002f52                PendSV_Handler
 .text.SysTick_Handler
                0x0000000008002f60        0xe Core/Src/stm32f3xx_it.o
                0x0000000008002f60                SysTick_Handler
 *fill*         0x0000000008002f6e        0x2 
 .text.EXTI3_IRQHandler
                0x0000000008002f70       0x3c Core/Src/stm32f3xx_it.o
                0x0000000008002f70                EXTI3_IRQHandler
 .text.TIM1_UP_TIM16_IRQHandler
                0x0000000008002fac       0x30 Core/Src/stm32f3xx_it.o
                0x0000000008002fac                TIM1_UP_TIM16_IRQHandler
 .text.TIM1_TRG_COM_TIM17_IRQHandler
                0x0000000008002fdc       0x30 Core/Src/stm32f3xx_it.o
                0x0000000008002fdc                TIM1_TRG_COM_TIM17_IRQHandler
 .text.I2C1_EV_IRQHandler
                0x000000000800300c       0x60 Core/Src/stm32f3xx_it.o
                0x000000000800300c                I2C1_EV_IRQHandler
 .text.SystemInit
                0x000000000800306c       0x24 Core/Src/system_stm32f3xx.o
                0x000000000800306c                SystemInit
 .text.Reset_Handler
                0x0000000008003090       0x50 Core/Startup/startup_stm32f303k8tx.o
                0x0000000008003090                Reset_Handler
 .text.Default_Handler
                0x00000000080030e0        0x2 Core/Startup/startup_stm32f303k8tx.o
                0x00000000080030e0                RTC_Alarm_IRQHandler
                0x00000000080030e0                TIM1_CC_IRQHandler
                0x00000000080030e0                PVD_IRQHandler
                0x00000000080030e0                TAMP_STAMP_IRQHandler
                0x00000000080030e0                EXTI0_IRQHandler
                0x00000000080030e0                FPU_IRQHandler
                0x00000000080030e0                CAN_TX_IRQHandler
                0x00000000080030e0                ADC1_2_IRQHandler
                0x00000000080030e0                SPI1_IRQHandler
                0x00000000080030e0                CAN_SCE_IRQHandler
                0x00000000080030e0                DMA1_Channel4_IRQHandler
                0x00000000080030e0                USART3_IRQHandler
                0x00000000080030e0                DMA1_Channel7_IRQHandler
                0x00000000080030e0                TIM7_DAC2_IRQHandler
                0x00000000080030e0                CAN_RX1_IRQHandler
                0x00000000080030e0                DMA1_Channel6_IRQHandler
                0x00000000080030e0                TIM3_IRQHandler
                0x00000000080030e0                RCC_IRQHandler
                0x00000000080030e0                DMA1_Channel1_IRQHandler
                0x00000000080030e0                Default_Handler
                0x00000000080030e0                EXTI15_10_IRQHandler
                0x00000000080030e0                COMP2_IRQHandler
                0x00000000080030e0                TIM6_DAC1_IRQHandler
                0x00000000080030e0                EXTI9_5_IRQHandler
                0x00000000080030e0                RTC_WKUP_IRQHandler
                0x00000000080030e0                DMA1_Channel5_IRQHandler
                0x00000000080030e0                EXTI4_IRQHandler
                0x00000000080030e0                DMA1_Channel3_IRQHandler
                0x00000000080030e0                WWDG_IRQHandler
                0x00000000080030e0                TIM2_IRQHandler
                0x00000000080030e0                EXTI1_IRQHandler
                0x00000000080030e0                COMP4_6_IRQHandler
                0x00000000080030e0                USART2_IRQHandler
                0x00000000080030e0                DMA1_Channel2_IRQHandler
                0x00000000080030e0                FLASH_IRQHandler
                0x00000000080030e0                USART1_IRQHandler
                0x00000000080030e0                CAN_RX0_IRQHandler
                0x00000000080030e0                I2C1_ER_IRQHandler
                0x00000000080030e0                EXTI2_TSC_IRQHandler
                0x00000000080030e0                TIM1_BRK_TIM15_IRQHandler
 *fill*         0x00000000080030e2        0x2 
 .text.LL_EXTI_EnableIT_0_31
                0x00000000080030e4       0x24 Drivers/STM32F3xx_HAL_Driver/Src/stm32f3xx_ll_exti.o
 .text.LL_EXTI_EnableIT_32_63
                0x0000000008003108       0x24 Drivers/STM32F3xx_HAL_Driver/Src/stm32f3xx_ll_exti.o
 .text.LL_EXTI_DisableIT_0_31
                0x000000000800312c       0x28 Drivers/STM32F3xx_HAL_Driver/Src/stm32f3xx_ll_exti.o
 .text.LL_EXTI_DisableIT_32_63
                0x0000000008003154       0x28 Drivers/STM32F3xx_HAL_Driver/Src/stm32f3xx_ll_exti.o
 .text.LL_EXTI_EnableEvent_0_31
                0x000000000800317c       0x24 Drivers/STM32F3xx_HAL_Driver/Src/stm32f3xx_ll_exti.o
 .text.LL_EXTI_EnableEvent_32_63
                0x00000000080031a0       0x24 Drivers/STM32F3xx_HAL_Driver/Src/stm32f3xx_ll_exti.o
 .text.LL_EXTI_DisableEvent_0_31
                0x00000000080031c4       0x28 Drivers/STM32F3xx_HAL_Driver/Src/stm32f3xx_ll_exti.o
 .text.LL_EXTI_DisableEvent_32_63
                0x00000000080031ec       0x28 Drivers/STM32F3xx_HAL_Driver/Src/stm32f3xx_ll_exti.o
 .text.LL_EXTI_EnableRisingTrig_0_31
                0x0000000008003214       0x24 Drivers/STM32F3xx_HAL_Driver/Src/stm32f3xx_ll_exti.o
 .text.LL_EXTI_EnableRisingTrig_32_63
                0x0000000008003238       0x24 Drivers/STM32F3xx_HAL_Driver/Src/stm32f3xx_ll_exti.o
 .text.LL_EXTI_DisableRisingTrig_0_31
                0x000000000800325c       0x28 Drivers/STM32F3xx_HAL_Driver/Src/stm32f3xx_ll_exti.o
 .text.LL_EXTI_DisableRisingTrig_32_63
                0x0000000008003284       0x28 Drivers/STM32F3xx_HAL_Driver/Src/stm32f3xx_ll_exti.o
 .text.LL_EXTI_EnableFallingTrig_0_31
                0x00000000080032ac       0x24 Drivers/STM32F3xx_HAL_Driver/Src/stm32f3xx_ll_exti.o
 .text.LL_EXTI_EnableFallingTrig_32_63
                0x00000000080032d0       0x24 Drivers/STM32F3xx_HAL_Driver/Src/stm32f3xx_ll_exti.o
 .text.LL_EXTI_DisableFallingTrig_0_31
                0x00000000080032f4       0x28 Drivers/STM32F3xx_HAL_Driver/Src/stm32f3xx_ll_exti.o
 .text.LL_EXTI_DisableFallingTrig_32_63
                0x000000000800331c       0x28 Drivers/STM32F3xx_HAL_Driver/Src/stm32f3xx_ll_exti.o
 .text.LL_EXTI_Init
                0x0000000008003344      0x1d0 Drivers/STM32F3xx_HAL_Driver/Src/stm32f3xx_ll_exti.o
                0x0000000008003344                LL_EXTI_Init
 .text.LL_GPIO_SetPinMode
                0x0000000008003514       0x5e Drivers/STM32F3xx_HAL_Driver/Src/stm32f3xx_ll_gpio.o
 .text.LL_GPIO_SetPinOutputType
                0x0000000008003572       0x30 Drivers/STM32F3xx_HAL_Driver/Src/stm32f3xx_ll_gpio.o
 .text.LL_GPIO_SetPinSpeed
                0x00000000080035a2       0x5e Drivers/STM32F3xx_HAL_Driver/Src/stm32f3xx_ll_gpio.o
 .text.LL_GPIO_SetPinPull
                0x0000000008003600       0x5e Drivers/STM32F3xx_HAL_Driver/Src/stm32f3xx_ll_gpio.o
 .text.LL_GPIO_SetAFPin_0_7
                0x000000000800365e       0x5e Drivers/STM32F3xx_HAL_Driver/Src/stm32f3xx_ll_gpio.o
 .text.LL_GPIO_SetAFPin_8_15
                0x00000000080036bc       0x62 Drivers/STM32F3xx_HAL_Driver/Src/stm32f3xx_ll_gpio.o
 .text.LL_GPIO_Init
                0x000000000800371e       0xe0 Drivers/STM32F3xx_HAL_Driver/Src/stm32f3xx_ll_gpio.o
                0x000000000800371e                LL_GPIO_Init
 .text.LL_I2C_Enable
                0x00000000080037fe       0x20 Drivers/STM32F3xx_HAL_Driver/Src/stm32f3xx_ll_i2c.o
 .text.LL_I2C_Disable
                0x000000000800381e       0x20 Drivers/STM32F3xx_HAL_Driver/Src/stm32f3xx_ll_i2c.o
 .text.LL_I2C_ConfigFilters
                0x000000000800383e       0x2e Drivers/STM32F3xx_HAL_Driver/Src/stm32f3xx_ll_i2c.o
 .text.LL_I2C_SetOwnAddress1
                0x000000000800386c       0x30 Drivers/STM32F3xx_HAL_Driver/Src/stm32f3xx_ll_i2c.o
 .text.LL_I2C_EnableOwnAddress1
                0x000000000800389c       0x20 Drivers/STM32F3xx_HAL_Driver/Src/stm32f3xx_ll_i2c.o
 .text.LL_I2C_DisableOwnAddress1
                0x00000000080038bc       0x20 Drivers/STM32F3xx_HAL_Driver/Src/stm32f3xx_ll_i2c.o
 .text.LL_I2C_SetTiming
                0x00000000080038dc       0x1c Drivers/STM32F3xx_HAL_Driver/Src/stm32f3xx_ll_i2c.o
 .text.LL_I2C_SetMode
                0x00000000080038f8       0x26 Drivers/STM32F3xx_HAL_Driver/Src/stm32f3xx_ll_i2c.o
 .text.LL_I2C_AcknowledgeNextData
                0x000000000800391e       0x26 Drivers/STM32F3xx_HAL_Driver/Src/stm32f3xx_ll_i2c.o
 .text.LL_I2C_Init
                0x0000000008003944       0x78 Drivers/STM32F3xx_HAL_Driver/Src/stm32f3xx_ll_i2c.o
                0x0000000008003944                LL_I2C_Init
 .text.LL_TIM_SetPrescaler
                0x00000000080039bc       0x1c Drivers/STM32F3xx_HAL_Driver/Src/stm32f3xx_ll_tim.o
 .text.LL_TIM_SetAutoReload
                0x00000000080039d8       0x1c Drivers/STM32F3xx_HAL_Driver/Src/stm32f3xx_ll_tim.o
 .text.LL_TIM_SetRepetitionCounter
                0x00000000080039f4       0x1c Drivers/STM32F3xx_HAL_Driver/Src/stm32f3xx_ll_tim.o
 .text.LL_TIM_GenerateEvent_UPDATE
                0x0000000008003a10       0x20 Drivers/STM32F3xx_HAL_Driver/Src/stm32f3xx_ll_tim.o
 .text.LL_TIM_Init
                0x0000000008003a30       0xe4 Drivers/STM32F3xx_HAL_Driver/Src/stm32f3xx_ll_tim.o
                0x0000000008003a30                LL_TIM_Init
 .text.LL_InitTick
                0x0000000008003b14       0x34 Drivers/STM32F3xx_HAL_Driver/Src/stm32f3xx_ll_utils.o
 .text.LL_Init1msTick
                0x0000000008003b48       0x1a Drivers/STM32F3xx_HAL_Driver/Src/stm32f3xx_ll_utils.o
                0x0000000008003b48                LL_Init1msTick
 *fill*         0x0000000008003b62        0x2 
 .text.LL_mDelay
                0x0000000008003b64       0x48 Drivers/STM32F3xx_HAL_Driver/Src/stm32f3xx_ll_utils.o
                0x0000000008003b64                LL_mDelay
 .text.LL_SetSystemCoreClock
                0x0000000008003bac       0x20 Drivers/STM32F3xx_HAL_Driver/Src/stm32f3xx_ll_utils.o
                0x0000000008003bac                LL_SetSystemCoreClock
 .text.__errno  0x0000000008003bcc        0xc c:/st/stm32cubeide_1.3.0/stm32cubeide/plugins/com.st.stm32cube.ide.mcu.externaltools.gnu-tools-for-stm32.7-2018-q2-update.win32_1.4.0.202007081208/tools/bin/../lib/gcc/arm-none-eabi/7.3.1/../../../../arm-none-eabi/lib/thumb/v7e-m/fpv4-sp/hard\libc_nano.a(lib_a-errno.o)
                0x0000000008003bcc                __errno
 .text.__libc_init_array
                0x0000000008003bd8       0x48 c:/st/stm32cubeide_1.3.0/stm32cubeide/plugins/com.st.stm32cube.ide.mcu.externaltools.gnu-tools-for-stm32.7-2018-q2-update.win32_1.4.0.202007081208/tools/bin/../lib/gcc/arm-none-eabi/7.3.1/../../../../arm-none-eabi/lib/thumb/v7e-m/fpv4-sp/hard\libc_nano.a(lib_a-init.o)
                0x0000000008003bd8                __libc_init_array
 .text.atan     0x0000000008003c20      0x340 c:/st/stm32cubeide_1.3.0/stm32cubeide/plugins/com.st.stm32cube.ide.mcu.externaltools.gnu-tools-for-stm32.7-2018-q2-update.win32_1.4.0.202007081208/tools/bin/../lib/gcc/arm-none-eabi/7.3.1/../../../../arm-none-eabi/lib/thumb/v7e-m/fpv4-sp/hard\libm.a(lib_a-s_atan.o)
                0x0000000008003c20                atan
 .text.fabs     0x0000000008003f60       0x12 c:/st/stm32cubeide_1.3.0/stm32cubeide/plugins/com.st.stm32cube.ide.mcu.externaltools.gnu-tools-for-stm32.7-2018-q2-update.win32_1.4.0.202007081208/tools/bin/../lib/gcc/arm-none-eabi/7.3.1/../../../../arm-none-eabi/lib/thumb/v7e-m/fpv4-sp/hard\libm.a(lib_a-s_fabs.o)
                0x0000000008003f60                fabs
 *fill*         0x0000000008003f72        0x2 
 .text.round    0x0000000008003f74       0x94 c:/st/stm32cubeide_1.3.0/stm32cubeide/plugins/com.st.stm32cube.ide.mcu.externaltools.gnu-tools-for-stm32.7-2018-q2-update.win32_1.4.0.202007081208/tools/bin/../lib/gcc/arm-none-eabi/7.3.1/../../../../arm-none-eabi/lib/thumb/v7e-m/fpv4-sp/hard\libm.a(lib_a-s_round.o)
                0x0000000008003f74                round
 .text.pow      0x0000000008004008      0x2e0 c:/st/stm32cubeide_1.3.0/stm32cubeide/plugins/com.st.stm32cube.ide.mcu.externaltools.gnu-tools-for-stm32.7-2018-q2-update.win32_1.4.0.202007081208/tools/bin/../lib/gcc/arm-none-eabi/7.3.1/../../../../arm-none-eabi/lib/thumb/v7e-m/fpv4-sp/hard\libm.a(lib_a-w_pow.o)
                0x0000000008004008                pow
 .text.__ieee754_pow
                0x00000000080042e8      0xa1c c:/st/stm32cubeide_1.3.0/stm32cubeide/plugins/com.st.stm32cube.ide.mcu.externaltools.gnu-tools-for-stm32.7-2018-q2-update.win32_1.4.0.202007081208/tools/bin/../lib/gcc/arm-none-eabi/7.3.1/../../../../arm-none-eabi/lib/thumb/v7e-m/fpv4-sp/hard\libm.a(lib_a-e_pow.o)
                0x00000000080042e8                __ieee754_pow
 .text.__ieee754_sqrt
                0x0000000008004d04      0x160 c:/st/stm32cubeide_1.3.0/stm32cubeide/plugins/com.st.stm32cube.ide.mcu.externaltools.gnu-tools-for-stm32.7-2018-q2-update.win32_1.4.0.202007081208/tools/bin/../lib/gcc/arm-none-eabi/7.3.1/../../../../arm-none-eabi/lib/thumb/v7e-m/fpv4-sp/hard\libm.a(lib_a-e_sqrt.o)
                0x0000000008004d04                __ieee754_sqrt
 .text.finite   0x0000000008004e64       0x10 c:/st/stm32cubeide_1.3.0/stm32cubeide/plugins/com.st.stm32cube.ide.mcu.externaltools.gnu-tools-for-stm32.7-2018-q2-update.win32_1.4.0.202007081208/tools/bin/../lib/gcc/arm-none-eabi/7.3.1/../../../../arm-none-eabi/lib/thumb/v7e-m/fpv4-sp/hard\libm.a(lib_a-s_finite.o)
                0x0000000008004e64                finite
 .text.matherr  0x0000000008004e74        0x4 c:/st/stm32cubeide_1.3.0/stm32cubeide/plugins/com.st.stm32cube.ide.mcu.externaltools.gnu-tools-for-stm32.7-2018-q2-update.win32_1.4.0.202007081208/tools/bin/../lib/gcc/arm-none-eabi/7.3.1/../../../../arm-none-eabi/lib/thumb/v7e-m/fpv4-sp/hard\libm.a(lib_a-s_matherr.o)
                0x0000000008004e74                matherr
 .text.nan      0x0000000008004e78       0x10 c:/st/stm32cubeide_1.3.0/stm32cubeide/plugins/com.st.stm32cube.ide.mcu.externaltools.gnu-tools-for-stm32.7-2018-q2-update.win32_1.4.0.202007081208/tools/bin/../lib/gcc/arm-none-eabi/7.3.1/../../../../arm-none-eabi/lib/thumb/v7e-m/fpv4-sp/hard\libm.a(lib_a-s_nan.o)
                0x0000000008004e78                nan
 .text.rint     0x0000000008004e88      0x108 c:/st/stm32cubeide_1.3.0/stm32cubeide/plugins/com.st.stm32cube.ide.mcu.externaltools.gnu-tools-for-stm32.7-2018-q2-update.win32_1.4.0.202007081208/tools/bin/../lib/gcc/arm-none-eabi/7.3.1/../../../../arm-none-eabi/lib/thumb/v7e-m/fpv4-sp/hard\libm.a(lib_a-s_rint.o)
                0x0000000008004e88                rint
 .text.scalbn   0x0000000008004f90       0xec c:/st/stm32cubeide_1.3.0/stm32cubeide/plugins/com.st.stm32cube.ide.mcu.externaltools.gnu-tools-for-stm32.7-2018-q2-update.win32_1.4.0.202007081208/tools/bin/../lib/gcc/arm-none-eabi/7.3.1/../../../../arm-none-eabi/lib/thumb/v7e-m/fpv4-sp/hard\libm.a(lib_a-s_scalbn.o)
                0x0000000008004f90                scalbn
 .text.copysign
                0x000000000800507c       0x1e c:/st/stm32cubeide_1.3.0/stm32cubeide/plugins/com.st.stm32cube.ide.mcu.externaltools.gnu-tools-for-stm32.7-2018-q2-update.win32_1.4.0.202007081208/tools/bin/../lib/gcc/arm-none-eabi/7.3.1/../../../../arm-none-eabi/lib/thumb/v7e-m/fpv4-sp/hard\libm.a(lib_a-s_copysign.o)
                0x000000000800507c                copysign
 *(.glue_7)
 .glue_7        0x000000000800509a        0x0 linker stubs
 *(.glue_7t)
 .glue_7t       0x000000000800509a        0x0 linker stubs
 *(.eh_frame)
 *fill*         0x000000000800509a        0x2 
 .eh_frame      0x000000000800509c        0x0 c:/st/stm32cubeide_1.3.0/stm32cubeide/plugins/com.st.stm32cube.ide.mcu.externaltools.gnu-tools-for-stm32.7-2018-q2-update.win32_1.4.0.202007081208/tools/bin/../lib/gcc/arm-none-eabi/7.3.1/thumb/v7e-m/fpv4-sp/hard/crtbegin.o
 *(.init)
 .init          0x000000000800509c        0x4 c:/st/stm32cubeide_1.3.0/stm32cubeide/plugins/com.st.stm32cube.ide.mcu.externaltools.gnu-tools-for-stm32.7-2018-q2-update.win32_1.4.0.202007081208/tools/bin/../lib/gcc/arm-none-eabi/7.3.1/thumb/v7e-m/fpv4-sp/hard/crti.o
                0x000000000800509c                _init
 .init          0x00000000080050a0        0x8 c:/st/stm32cubeide_1.3.0/stm32cubeide/plugins/com.st.stm32cube.ide.mcu.externaltools.gnu-tools-for-stm32.7-2018-q2-update.win32_1.4.0.202007081208/tools/bin/../lib/gcc/arm-none-eabi/7.3.1/thumb/v7e-m/fpv4-sp/hard/crtn.o
 *(.fini)
 .fini          0x00000000080050a8        0x4 c:/st/stm32cubeide_1.3.0/stm32cubeide/plugins/com.st.stm32cube.ide.mcu.externaltools.gnu-tools-for-stm32.7-2018-q2-update.win32_1.4.0.202007081208/tools/bin/../lib/gcc/arm-none-eabi/7.3.1/thumb/v7e-m/fpv4-sp/hard/crti.o
                0x00000000080050a8                _fini
 .fini          0x00000000080050ac        0x8 c:/st/stm32cubeide_1.3.0/stm32cubeide/plugins/com.st.stm32cube.ide.mcu.externaltools.gnu-tools-for-stm32.7-2018-q2-update.win32_1.4.0.202007081208/tools/bin/../lib/gcc/arm-none-eabi/7.3.1/thumb/v7e-m/fpv4-sp/hard/crtn.o
                0x00000000080050b4                . = ALIGN (0x4)
                0x00000000080050b4                _etext = .

.vfp11_veneer   0x00000000080050b4        0x0
 .vfp11_veneer  0x00000000080050b4        0x0 linker stubs

.v4_bx          0x00000000080050b4        0x0
 .v4_bx         0x00000000080050b4        0x0 linker stubs

.iplt           0x00000000080050b4        0x0
 .iplt          0x00000000080050b4        0x0 c:/st/stm32cubeide_1.3.0/stm32cubeide/plugins/com.st.stm32cube.ide.mcu.externaltools.gnu-tools-for-stm32.7-2018-q2-update.win32_1.4.0.202007081208/tools/bin/../lib/gcc/arm-none-eabi/7.3.1/thumb/v7e-m/fpv4-sp/hard/crtbegin.o

.rodata         0x00000000080050b8       0xc8
                0x00000000080050b8                . = ALIGN (0x4)
 *(.rodata)
 .rodata        0x00000000080050b8       0x3c Core/Src/main.o
 *(.rodata*)
 *fill*         0x00000000080050f4        0x4 
 .rodata.atanhi
                0x00000000080050f8       0x20 c:/st/stm32cubeide_1.3.0/stm32cubeide/plugins/com.st.stm32cube.ide.mcu.externaltools.gnu-tools-for-stm32.7-2018-q2-update.win32_1.4.0.202007081208/tools/bin/../lib/gcc/arm-none-eabi/7.3.1/../../../../arm-none-eabi/lib/thumb/v7e-m/fpv4-sp/hard\libm.a(lib_a-s_atan.o)
 .rodata.atanlo
                0x0000000008005118       0x20 c:/st/stm32cubeide_1.3.0/stm32cubeide/plugins/com.st.stm32cube.ide.mcu.externaltools.gnu-tools-for-stm32.7-2018-q2-update.win32_1.4.0.202007081208/tools/bin/../lib/gcc/arm-none-eabi/7.3.1/../../../../arm-none-eabi/lib/thumb/v7e-m/fpv4-sp/hard\libm.a(lib_a-s_atan.o)
 .rodata.pow.str1.1
                0x0000000008005138        0x4 c:/st/stm32cubeide_1.3.0/stm32cubeide/plugins/com.st.stm32cube.ide.mcu.externaltools.gnu-tools-for-stm32.7-2018-q2-update.win32_1.4.0.202007081208/tools/bin/../lib/gcc/arm-none-eabi/7.3.1/../../../../arm-none-eabi/lib/thumb/v7e-m/fpv4-sp/hard\libm.a(lib_a-w_pow.o)
 .rodata.__ieee754_pow.str1.1
                0x000000000800513c        0x4 c:/st/stm32cubeide_1.3.0/stm32cubeide/plugins/com.st.stm32cube.ide.mcu.externaltools.gnu-tools-for-stm32.7-2018-q2-update.win32_1.4.0.202007081208/tools/bin/../lib/gcc/arm-none-eabi/7.3.1/../../../../arm-none-eabi/lib/thumb/v7e-m/fpv4-sp/hard\libm.a(lib_a-e_pow.o)
                                          0x1 (size before relaxing)
 *fill*         0x000000000800513c        0x4 
 .rodata.bp     0x0000000008005140       0x10 c:/st/stm32cubeide_1.3.0/stm32cubeide/plugins/com.st.stm32cube.ide.mcu.externaltools.gnu-tools-for-stm32.7-2018-q2-update.win32_1.4.0.202007081208/tools/bin/../lib/gcc/arm-none-eabi/7.3.1/../../../../arm-none-eabi/lib/thumb/v7e-m/fpv4-sp/hard\libm.a(lib_a-e_pow.o)
 .rodata.dp_h   0x0000000008005150       0x10 c:/st/stm32cubeide_1.3.0/stm32cubeide/plugins/com.st.stm32cube.ide.mcu.externaltools.gnu-tools-for-stm32.7-2018-q2-update.win32_1.4.0.202007081208/tools/bin/../lib/gcc/arm-none-eabi/7.3.1/../../../../arm-none-eabi/lib/thumb/v7e-m/fpv4-sp/hard\libm.a(lib_a-e_pow.o)
 .rodata.dp_l   0x0000000008005160       0x10 c:/st/stm32cubeide_1.3.0/stm32cubeide/plugins/com.st.stm32cube.ide.mcu.externaltools.gnu-tools-for-stm32.7-2018-q2-update.win32_1.4.0.202007081208/tools/bin/../lib/gcc/arm-none-eabi/7.3.1/../../../../arm-none-eabi/lib/thumb/v7e-m/fpv4-sp/hard\libm.a(lib_a-e_pow.o)
 .rodata.TWO52  0x0000000008005170       0x10 c:/st/stm32cubeide_1.3.0/stm32cubeide/plugins/com.st.stm32cube.ide.mcu.externaltools.gnu-tools-for-stm32.7-2018-q2-update.win32_1.4.0.202007081208/tools/bin/../lib/gcc/arm-none-eabi/7.3.1/../../../../arm-none-eabi/lib/thumb/v7e-m/fpv4-sp/hard\libm.a(lib_a-s_rint.o)
                0x0000000008005180                . = ALIGN (0x4)

.rel.dyn        0x0000000008005180        0x0
 .rel.iplt      0x0000000008005180        0x0 c:/st/stm32cubeide_1.3.0/stm32cubeide/plugins/com.st.stm32cube.ide.mcu.externaltools.gnu-tools-for-stm32.7-2018-q2-update.win32_1.4.0.202007081208/tools/bin/../lib/gcc/arm-none-eabi/7.3.1/thumb/v7e-m/fpv4-sp/hard/crtbegin.o

.ARM.extab      0x0000000008005180        0x0
                0x0000000008005180                . = ALIGN (0x4)
 *(.ARM.extab* .gnu.linkonce.armextab.*)
                0x0000000008005180                . = ALIGN (0x4)

.ARM            0x0000000008005180        0x0
                0x0000000008005180                . = ALIGN (0x4)
                0x0000000008005180                __exidx_start = .
 *(.ARM.exidx*)
                0x0000000008005180                __exidx_end = .
                0x0000000008005180                . = ALIGN (0x4)

.preinit_array  0x0000000008005180        0x0
                0x0000000008005180                . = ALIGN (0x4)
                0x0000000008005180                PROVIDE (__preinit_array_start = .)
 *(.preinit_array*)
                0x0000000008005180                PROVIDE (__preinit_array_end = .)
                0x0000000008005180                . = ALIGN (0x4)

.init_array     0x0000000008005180        0x4
                0x0000000008005180                . = ALIGN (0x4)
                0x0000000008005180                PROVIDE (__init_array_start = .)
 *(SORT_BY_NAME(.init_array.*))
 *(.init_array*)
 .init_array    0x0000000008005180        0x4 c:/st/stm32cubeide_1.3.0/stm32cubeide/plugins/com.st.stm32cube.ide.mcu.externaltools.gnu-tools-for-stm32.7-2018-q2-update.win32_1.4.0.202007081208/tools/bin/../lib/gcc/arm-none-eabi/7.3.1/thumb/v7e-m/fpv4-sp/hard/crtbegin.o
                0x0000000008005184                PROVIDE (__init_array_end = .)
                0x0000000008005184                . = ALIGN (0x4)

.fini_array     0x0000000008005184        0x4
                0x0000000008005184                . = ALIGN (0x4)
                [!provide]                        PROVIDE (__fini_array_start = .)
 *(SORT_BY_NAME(.fini_array.*))
 *(.fini_array*)
 .fini_array    0x0000000008005184        0x4 c:/st/stm32cubeide_1.3.0/stm32cubeide/plugins/com.st.stm32cube.ide.mcu.externaltools.gnu-tools-for-stm32.7-2018-q2-update.win32_1.4.0.202007081208/tools/bin/../lib/gcc/arm-none-eabi/7.3.1/thumb/v7e-m/fpv4-sp/hard/crtbegin.o
                [!provide]                        PROVIDE (__fini_array_end = .)
                0x0000000008005188                . = ALIGN (0x4)
                0x0000000008005188                _sidata = LOADADDR (.data)

.data           0x0000000020000000       0x70 load address 0x0000000008005188
                0x0000000020000000                . = ALIGN (0x4)
                0x0000000020000000                _sdata = .
 *(.data)
 *(.data*)
 .data.what_to_measure
                0x0000000020000000        0x1 Core/Src/main.o
                0x0000000020000000                what_to_measure
 *fill*         0x0000000020000001        0x3 
 .data.SystemCoreClock
                0x0000000020000004        0x4 Core/Src/system_stm32f3xx.o
                0x0000000020000004                SystemCoreClock
 .data._impure_ptr
                0x0000000020000008        0x4 c:/st/stm32cubeide_1.3.0/stm32cubeide/plugins/com.st.stm32cube.ide.mcu.externaltools.gnu-tools-for-stm32.7-2018-q2-update.win32_1.4.0.202007081208/tools/bin/../lib/gcc/arm-none-eabi/7.3.1/../../../../arm-none-eabi/lib/thumb/v7e-m/fpv4-sp/hard\libc_nano.a(lib_a-impure.o)
                0x0000000020000008                _impure_ptr
 .data.impure_data
                0x000000002000000c       0x60 c:/st/stm32cubeide_1.3.0/stm32cubeide/plugins/com.st.stm32cube.ide.mcu.externaltools.gnu-tools-for-stm32.7-2018-q2-update.win32_1.4.0.202007081208/tools/bin/../lib/gcc/arm-none-eabi/7.3.1/../../../../arm-none-eabi/lib/thumb/v7e-m/fpv4-sp/hard\libc_nano.a(lib_a-impure.o)
 .data.__fdlib_version
                0x000000002000006c        0x1 c:/st/stm32cubeide_1.3.0/stm32cubeide/plugins/com.st.stm32cube.ide.mcu.externaltools.gnu-tools-for-stm32.7-2018-q2-update.win32_1.4.0.202007081208/tools/bin/../lib/gcc/arm-none-eabi/7.3.1/../../../../arm-none-eabi/lib/thumb/v7e-m/fpv4-sp/hard\libm.a(lib_a-s_lib_ver.o)
                0x000000002000006c                __fdlib_version
                0x0000000020000070                . = ALIGN (0x4)
 *fill*         0x000000002000006d        0x3 
                0x0000000020000070                _edata = .

.igot.plt       0x0000000020000070        0x0 load address 0x00000000080051f8
 .igot.plt      0x0000000020000070        0x0 c:/st/stm32cubeide_1.3.0/stm32cubeide/plugins/com.st.stm32cube.ide.mcu.externaltools.gnu-tools-for-stm32.7-2018-q2-update.win32_1.4.0.202007081208/tools/bin/../lib/gcc/arm-none-eabi/7.3.1/thumb/v7e-m/fpv4-sp/hard/crtbegin.o
                0x0000000020000070                . = ALIGN (0x4)

.bss            0x0000000020000070      0x19c load address 0x00000000080051f8
                0x0000000020000070                _sbss = .
                0x0000000020000070                __bss_start__ = _sbss
 *(.bss)
 .bss           0x0000000020000070       0x1c c:/st/stm32cubeide_1.3.0/stm32cubeide/plugins/com.st.stm32cube.ide.mcu.externaltools.gnu-tools-for-stm32.7-2018-q2-update.win32_1.4.0.202007081208/tools/bin/../lib/gcc/arm-none-eabi/7.3.1/thumb/v7e-m/fpv4-sp/hard/crtbegin.o
 *(.bss*)
 .bss.mode      0x000000002000008c        0x1 Core/Src/main.o
                0x000000002000008c                mode
 .bss.active_display_digit
                0x000000002000008d        0x1 Core/Src/main.o
                0x000000002000008d                active_display_digit
 .bss.size_buff
                0x000000002000008e        0x2 Core/Src/main.o
                0x000000002000008e                size_buff
 .bss.offset    0x0000000020000090        0x2 Core/Src/main.o
                0x0000000020000090                offset
 *fill*         0x0000000020000092        0x2 
 .bss.temperature
                0x0000000020000094        0x4 Core/Src/main.o
                0x0000000020000094                temperature
 .bss.humidity  0x0000000020000098        0x4 Core/Src/main.o
                0x0000000020000098                humidity
 .bss.pressure  0x000000002000009c        0x4 Core/Src/main.o
                0x000000002000009c                pressure
 .bss.altitude  0x00000000200000a0        0x4 Core/Src/main.o
                0x00000000200000a0                altitude
 .bss.acc       0x00000000200000a4        0xc Core/Src/main.o
                0x00000000200000a4                acc
 .bss.azymuth   0x00000000200000b0        0x4 Core/Src/main.o
                0x00000000200000b0                azymuth
 .bss.end_of_read_flag
                0x00000000200000b4        0x1 Core/Src/main.o
                0x00000000200000b4                end_of_read_flag
 .bss.ubReceiveIndex
                0x00000000200000b5        0x1 Core/Src/main.o
                0x00000000200000b5                ubReceiveIndex
 *(COMMON)
 *fill*         0x00000000200000b6        0x2 
 COMMON         0x00000000200000b8      0x154 Core/Src/main.o
                0x00000000200000b8                H_T_uint16_t
                0x00000000200000c4                display_buffer_pb
                0x0000000020000144                display_buffer_pa
                0x00000000200001c4                H_uint8
                0x00000000200001c8                str
                0x0000000020000208                aReceiveBuffer_read
                0x000000002000020c                . = ALIGN (0x4)
                0x000000002000020c                _ebss = .
                0x000000002000020c                __bss_end__ = _ebss

._user_heap_stack
                0x000000002000020c      0x604 load address 0x00000000080051f8
                0x0000000020000210                . = ALIGN (0x8)
 *fill*         0x000000002000020c        0x4 
                [!provide]                        PROVIDE (end = .)
                0x0000000020000210                PROVIDE (_end = .)
                0x0000000020000410                . = (. + _Min_Heap_Size)
 *fill*         0x0000000020000210      0x200 
                0x0000000020000810                . = (. + _Min_Stack_Size)
 *fill*         0x0000000020000410      0x400 
                0x0000000020000810                . = ALIGN (0x8)

/DISCARD/
 libc.a(*)
 libm.a(*)
 libgcc.a(*)

.ARM.attributes
                0x0000000000000000       0x30
 *(.ARM.attributes)
 .ARM.attributes
                0x0000000000000000       0x22 c:/st/stm32cubeide_1.3.0/stm32cubeide/plugins/com.st.stm32cube.ide.mcu.externaltools.gnu-tools-for-stm32.7-2018-q2-update.win32_1.4.0.202007081208/tools/bin/../lib/gcc/arm-none-eabi/7.3.1/thumb/v7e-m/fpv4-sp/hard/crti.o
 .ARM.attributes
                0x0000000000000022       0x34 c:/st/stm32cubeide_1.3.0/stm32cubeide/plugins/com.st.stm32cube.ide.mcu.externaltools.gnu-tools-for-stm32.7-2018-q2-update.win32_1.4.0.202007081208/tools/bin/../lib/gcc/arm-none-eabi/7.3.1/thumb/v7e-m/fpv4-sp/hard/crtbegin.o
 .ARM.attributes
                0x0000000000000056       0x39 Core/Src/main.o
 .ARM.attributes
                0x000000000000008f       0x39 Core/Src/stm32f3xx_it.o
 .ARM.attributes
                0x00000000000000c8       0x39 Core/Src/system_stm32f3xx.o
 .ARM.attributes
                0x0000000000000101       0x21 Core/Startup/startup_stm32f303k8tx.o
 .ARM.attributes
                0x0000000000000122       0x39 Drivers/STM32F3xx_HAL_Driver/Src/stm32f3xx_ll_exti.o
 .ARM.attributes
                0x000000000000015b       0x39 Drivers/STM32F3xx_HAL_Driver/Src/stm32f3xx_ll_gpio.o
 .ARM.attributes
                0x0000000000000194       0x39 Drivers/STM32F3xx_HAL_Driver/Src/stm32f3xx_ll_i2c.o
 .ARM.attributes
                0x00000000000001cd       0x39 Drivers/STM32F3xx_HAL_Driver/Src/stm32f3xx_ll_tim.o
 .ARM.attributes
                0x0000000000000206       0x39 Drivers/STM32F3xx_HAL_Driver/Src/stm32f3xx_ll_utils.o
 .ARM.attributes
                0x000000000000023f       0x34 c:/st/stm32cubeide_1.3.0/stm32cubeide/plugins/com.st.stm32cube.ide.mcu.externaltools.gnu-tools-for-stm32.7-2018-q2-update.win32_1.4.0.202007081208/tools/bin/../lib/gcc/arm-none-eabi/7.3.1/../../../../arm-none-eabi/lib/thumb/v7e-m/fpv4-sp/hard\libc_nano.a(lib_a-errno.o)
 .ARM.attributes
                0x0000000000000273       0x34 c:/st/stm32cubeide_1.3.0/stm32cubeide/plugins/com.st.stm32cube.ide.mcu.externaltools.gnu-tools-for-stm32.7-2018-q2-update.win32_1.4.0.202007081208/tools/bin/../lib/gcc/arm-none-eabi/7.3.1/../../../../arm-none-eabi/lib/thumb/v7e-m/fpv4-sp/hard\libc_nano.a(lib_a-impure.o)
 .ARM.attributes
                0x00000000000002a7       0x34 c:/st/stm32cubeide_1.3.0/stm32cubeide/plugins/com.st.stm32cube.ide.mcu.externaltools.gnu-tools-for-stm32.7-2018-q2-update.win32_1.4.0.202007081208/tools/bin/../lib/gcc/arm-none-eabi/7.3.1/../../../../arm-none-eabi/lib/thumb/v7e-m/fpv4-sp/hard\libc_nano.a(lib_a-init.o)
 .ARM.attributes
                0x00000000000002db       0x34 c:/st/stm32cubeide_1.3.0/stm32cubeide/plugins/com.st.stm32cube.ide.mcu.externaltools.gnu-tools-for-stm32.7-2018-q2-update.win32_1.4.0.202007081208/tools/bin/../lib/gcc/arm-none-eabi/7.3.1/../../../../arm-none-eabi/lib/thumb/v7e-m/fpv4-sp/hard\libm.a(lib_a-s_atan.o)
 .ARM.attributes
                0x000000000000030f       0x34 c:/st/stm32cubeide_1.3.0/stm32cubeide/plugins/com.st.stm32cube.ide.mcu.externaltools.gnu-tools-for-stm32.7-2018-q2-update.win32_1.4.0.202007081208/tools/bin/../lib/gcc/arm-none-eabi/7.3.1/../../../../arm-none-eabi/lib/thumb/v7e-m/fpv4-sp/hard\libm.a(lib_a-s_fabs.o)
 .ARM.attributes
                0x0000000000000343       0x34 c:/st/stm32cubeide_1.3.0/stm32cubeide/plugins/com.st.stm32cube.ide.mcu.externaltools.gnu-tools-for-stm32.7-2018-q2-update.win32_1.4.0.202007081208/tools/bin/../lib/gcc/arm-none-eabi/7.3.1/../../../../arm-none-eabi/lib/thumb/v7e-m/fpv4-sp/hard\libm.a(lib_a-s_round.o)
 .ARM.attributes
                0x0000000000000377       0x34 c:/st/stm32cubeide_1.3.0/stm32cubeide/plugins/com.st.stm32cube.ide.mcu.externaltools.gnu-tools-for-stm32.7-2018-q2-update.win32_1.4.0.202007081208/tools/bin/../lib/gcc/arm-none-eabi/7.3.1/../../../../arm-none-eabi/lib/thumb/v7e-m/fpv4-sp/hard\libm.a(lib_a-w_pow.o)
 .ARM.attributes
                0x00000000000003ab       0x34 c:/st/stm32cubeide_1.3.0/stm32cubeide/plugins/com.st.stm32cube.ide.mcu.externaltools.gnu-tools-for-stm32.7-2018-q2-update.win32_1.4.0.202007081208/tools/bin/../lib/gcc/arm-none-eabi/7.3.1/../../../../arm-none-eabi/lib/thumb/v7e-m/fpv4-sp/hard\libm.a(lib_a-e_pow.o)
 .ARM.attributes
                0x00000000000003df       0x34 c:/st/stm32cubeide_1.3.0/stm32cubeide/plugins/com.st.stm32cube.ide.mcu.externaltools.gnu-tools-for-stm32.7-2018-q2-update.win32_1.4.0.202007081208/tools/bin/../lib/gcc/arm-none-eabi/7.3.1/../../../../arm-none-eabi/lib/thumb/v7e-m/fpv4-sp/hard\libm.a(lib_a-e_sqrt.o)
 .ARM.attributes
                0x0000000000000413       0x34 c:/st/stm32cubeide_1.3.0/stm32cubeide/plugins/com.st.stm32cube.ide.mcu.externaltools.gnu-tools-for-stm32.7-2018-q2-update.win32_1.4.0.202007081208/tools/bin/../lib/gcc/arm-none-eabi/7.3.1/../../../../arm-none-eabi/lib/thumb/v7e-m/fpv4-sp/hard\libm.a(lib_a-s_finite.o)
 .ARM.attributes
                0x0000000000000447       0x34 c:/st/stm32cubeide_1.3.0/stm32cubeide/plugins/com.st.stm32cube.ide.mcu.externaltools.gnu-tools-for-stm32.7-2018-q2-update.win32_1.4.0.202007081208/tools/bin/../lib/gcc/arm-none-eabi/7.3.1/../../../../arm-none-eabi/lib/thumb/v7e-m/fpv4-sp/hard\libm.a(lib_a-s_lib_ver.o)
 .ARM.attributes
                0x000000000000047b       0x34 c:/st/stm32cubeide_1.3.0/stm32cubeide/plugins/com.st.stm32cube.ide.mcu.externaltools.gnu-tools-for-stm32.7-2018-q2-update.win32_1.4.0.202007081208/tools/bin/../lib/gcc/arm-none-eabi/7.3.1/../../../../arm-none-eabi/lib/thumb/v7e-m/fpv4-sp/hard\libm.a(lib_a-s_matherr.o)
 .ARM.attributes
                0x00000000000004af       0x34 c:/st/stm32cubeide_1.3.0/stm32cubeide/plugins/com.st.stm32cube.ide.mcu.externaltools.gnu-tools-for-stm32.7-2018-q2-update.win32_1.4.0.202007081208/tools/bin/../lib/gcc/arm-none-eabi/7.3.1/../../../../arm-none-eabi/lib/thumb/v7e-m/fpv4-sp/hard\libm.a(lib_a-s_nan.o)
 .ARM.attributes
                0x00000000000004e3       0x34 c:/st/stm32cubeide_1.3.0/stm32cubeide/plugins/com.st.stm32cube.ide.mcu.externaltools.gnu-tools-for-stm32.7-2018-q2-update.win32_1.4.0.202007081208/tools/bin/../lib/gcc/arm-none-eabi/7.3.1/../../../../arm-none-eabi/lib/thumb/v7e-m/fpv4-sp/hard\libm.a(lib_a-s_rint.o)
 .ARM.attributes
                0x0000000000000517       0x34 c:/st/stm32cubeide_1.3.0/stm32cubeide/plugins/com.st.stm32cube.ide.mcu.externaltools.gnu-tools-for-stm32.7-2018-q2-update.win32_1.4.0.202007081208/tools/bin/../lib/gcc/arm-none-eabi/7.3.1/../../../../arm-none-eabi/lib/thumb/v7e-m/fpv4-sp/hard\libm.a(lib_a-s_scalbn.o)
 .ARM.attributes
                0x000000000000054b       0x34 c:/st/stm32cubeide_1.3.0/stm32cubeide/plugins/com.st.stm32cube.ide.mcu.externaltools.gnu-tools-for-stm32.7-2018-q2-update.win32_1.4.0.202007081208/tools/bin/../lib/gcc/arm-none-eabi/7.3.1/../../../../arm-none-eabi/lib/thumb/v7e-m/fpv4-sp/hard\libm.a(lib_a-s_copysign.o)
 .ARM.attributes
                0x000000000000057f       0x22 c:/st/stm32cubeide_1.3.0/stm32cubeide/plugins/com.st.stm32cube.ide.mcu.externaltools.gnu-tools-for-stm32.7-2018-q2-update.win32_1.4.0.202007081208/tools/bin/../lib/gcc/arm-none-eabi/7.3.1/thumb/v7e-m/fpv4-sp/hard\libgcc.a(_arm_addsubdf3.o)
 .ARM.attributes
                0x00000000000005a1       0x22 c:/st/stm32cubeide_1.3.0/stm32cubeide/plugins/com.st.stm32cube.ide.mcu.externaltools.gnu-tools-for-stm32.7-2018-q2-update.win32_1.4.0.202007081208/tools/bin/../lib/gcc/arm-none-eabi/7.3.1/thumb/v7e-m/fpv4-sp/hard\libgcc.a(_arm_muldivdf3.o)
 .ARM.attributes
                0x00000000000005c3       0x22 c:/st/stm32cubeide_1.3.0/stm32cubeide/plugins/com.st.stm32cube.ide.mcu.externaltools.gnu-tools-for-stm32.7-2018-q2-update.win32_1.4.0.202007081208/tools/bin/../lib/gcc/arm-none-eabi/7.3.1/thumb/v7e-m/fpv4-sp/hard\libgcc.a(_arm_cmpdf2.o)
 .ARM.attributes
                0x00000000000005e5       0x22 c:/st/stm32cubeide_1.3.0/stm32cubeide/plugins/com.st.stm32cube.ide.mcu.externaltools.gnu-tools-for-stm32.7-2018-q2-update.win32_1.4.0.202007081208/tools/bin/../lib/gcc/arm-none-eabi/7.3.1/thumb/v7e-m/fpv4-sp/hard\libgcc.a(_arm_unorddf2.o)
 .ARM.attributes
                0x0000000000000607       0x22 c:/st/stm32cubeide_1.3.0/stm32cubeide/plugins/com.st.stm32cube.ide.mcu.externaltools.gnu-tools-for-stm32.7-2018-q2-update.win32_1.4.0.202007081208/tools/bin/../lib/gcc/arm-none-eabi/7.3.1/thumb/v7e-m/fpv4-sp/hard\libgcc.a(_arm_truncdfsf2.o)
 .ARM.attributes
                0x0000000000000629       0x22 c:/st/stm32cubeide_1.3.0/stm32cubeide/plugins/com.st.stm32cube.ide.mcu.externaltools.gnu-tools-for-stm32.7-2018-q2-update.win32_1.4.0.202007081208/tools/bin/../lib/gcc/arm-none-eabi/7.3.1/thumb/v7e-m/fpv4-sp/hard/crtn.o
OUTPUT(vrs_zad_8_cv10.elf elf32-littlearm)

.debug_info     0x0000000000000000     0x5b72
 .debug_info    0x0000000000000000     0x266d Core/Src/main.o
 .debug_info    0x000000000000266d      0x639 Core/Src/stm32f3xx_it.o
 .debug_info    0x0000000000002ca6      0x400 Core/Src/system_stm32f3xx.o
 .debug_info    0x00000000000030a6       0x22 Core/Startup/startup_stm32f303k8tx.o
 .debug_info    0x00000000000030c8      0x550 Drivers/STM32F3xx_HAL_Driver/Src/stm32f3xx_ll_exti.o
 .debug_info    0x0000000000003618      0x7e2 Drivers/STM32F3xx_HAL_Driver/Src/stm32f3xx_ll_gpio.o
 .debug_info    0x0000000000003dfa      0x5ab Drivers/STM32F3xx_HAL_Driver/Src/stm32f3xx_ll_i2c.o
 .debug_info    0x00000000000043a5      0xf9d Drivers/STM32F3xx_HAL_Driver/Src/stm32f3xx_ll_tim.o
 .debug_info    0x0000000000005342      0x830 Drivers/STM32F3xx_HAL_Driver/Src/stm32f3xx_ll_utils.o

.debug_abbrev   0x0000000000000000     0x106e
 .debug_abbrev  0x0000000000000000      0x3f7 Core/Src/main.o
 .debug_abbrev  0x00000000000003f7      0x190 Core/Src/stm32f3xx_it.o
 .debug_abbrev  0x0000000000000587      0x111 Core/Src/system_stm32f3xx.o
 .debug_abbrev  0x0000000000000698       0x12 Core/Startup/startup_stm32f303k8tx.o
 .debug_abbrev  0x00000000000006aa      0x19e Drivers/STM32F3xx_HAL_Driver/Src/stm32f3xx_ll_exti.o
 .debug_abbrev  0x0000000000000848      0x212 Drivers/STM32F3xx_HAL_Driver/Src/stm32f3xx_ll_gpio.o
 .debug_abbrev  0x0000000000000a5a      0x184 Drivers/STM32F3xx_HAL_Driver/Src/stm32f3xx_ll_i2c.o
 .debug_abbrev  0x0000000000000bde      0x1ff Drivers/STM32F3xx_HAL_Driver/Src/stm32f3xx_ll_tim.o
 .debug_abbrev  0x0000000000000ddd      0x291 Drivers/STM32F3xx_HAL_Driver/Src/stm32f3xx_ll_utils.o

.debug_aranges  0x0000000000000000      0x708
 .debug_aranges
                0x0000000000000000      0x238 Core/Src/main.o
 .debug_aranges
                0x0000000000000238       0xa0 Core/Src/stm32f3xx_it.o
 .debug_aranges
                0x00000000000002d8       0x28 Core/Src/system_stm32f3xx.o
 .debug_aranges
                0x0000000000000300       0x28 Core/Startup/startup_stm32f303k8tx.o
 .debug_aranges
                0x0000000000000328       0xb0 Drivers/STM32F3xx_HAL_Driver/Src/stm32f3xx_ll_exti.o
 .debug_aranges
                0x00000000000003d8       0x70 Drivers/STM32F3xx_HAL_Driver/Src/stm32f3xx_ll_gpio.o
 .debug_aranges
                0x0000000000000448       0x88 Drivers/STM32F3xx_HAL_Driver/Src/stm32f3xx_ll_i2c.o
 .debug_aranges
                0x00000000000004d0      0x148 Drivers/STM32F3xx_HAL_Driver/Src/stm32f3xx_ll_tim.o
 .debug_aranges
                0x0000000000000618       0xf0 Drivers/STM32F3xx_HAL_Driver/Src/stm32f3xx_ll_utils.o

.debug_ranges   0x0000000000000000      0x680
 .debug_ranges  0x0000000000000000      0x228 Core/Src/main.o
 .debug_ranges  0x0000000000000228       0x90 Core/Src/stm32f3xx_it.o
 .debug_ranges  0x00000000000002b8       0x18 Core/Src/system_stm32f3xx.o
 .debug_ranges  0x00000000000002d0       0x20 Core/Startup/startup_stm32f303k8tx.o
 .debug_ranges  0x00000000000002f0       0xa0 Drivers/STM32F3xx_HAL_Driver/Src/stm32f3xx_ll_exti.o
 .debug_ranges  0x0000000000000390       0x60 Drivers/STM32F3xx_HAL_Driver/Src/stm32f3xx_ll_gpio.o
 .debug_ranges  0x00000000000003f0       0x78 Drivers/STM32F3xx_HAL_Driver/Src/stm32f3xx_ll_i2c.o
 .debug_ranges  0x0000000000000468      0x138 Drivers/STM32F3xx_HAL_Driver/Src/stm32f3xx_ll_tim.o
 .debug_ranges  0x00000000000005a0       0xe0 Drivers/STM32F3xx_HAL_Driver/Src/stm32f3xx_ll_utils.o

.debug_macro    0x0000000000000000    0x16536
 .debug_macro   0x0000000000000000      0x2b6 Core/Src/main.o
 .debug_macro   0x00000000000002b6      0xa90 Core/Src/main.o
 .debug_macro   0x0000000000000d46       0x2e Core/Src/main.o
 .debug_macro   0x0000000000000d74       0x28 Core/Src/main.o
 .debug_macro   0x0000000000000d9c       0x22 Core/Src/main.o
 .debug_macro   0x0000000000000dbe       0x8e Core/Src/main.o
 .debug_macro   0x0000000000000e4c       0x51 Core/Src/main.o
 .debug_macro   0x0000000000000e9d       0xef Core/Src/main.o
 .debug_macro   0x0000000000000f8c       0x6a Core/Src/main.o
 .debug_macro   0x0000000000000ff6      0x1df Core/Src/main.o
 .debug_macro   0x00000000000011d5       0x1c Core/Src/main.o
 .debug_macro   0x00000000000011f1       0x22 Core/Src/main.o
 .debug_macro   0x0000000000001213       0xdf Core/Src/main.o
 .debug_macro   0x00000000000012f2      0xf07 Core/Src/main.o
 .debug_macro   0x00000000000021f9    0x10bd9 Core/Src/main.o
 .debug_macro   0x0000000000012dd2       0x43 Core/Src/main.o
 .debug_macro   0x0000000000012e15      0x246 Core/Src/main.o
 .debug_macro   0x000000000001305b      0x4c2 Core/Src/main.o
 .debug_macro   0x000000000001351d       0xe1 Core/Src/main.o
 .debug_macro   0x00000000000135fe      0x29f Core/Src/main.o
 .debug_macro   0x000000000001389d       0xfe Core/Src/main.o
 .debug_macro   0x000000000001399b       0x28 Core/Src/main.o
 .debug_macro   0x00000000000139c3       0x30 Core/Src/main.o
 .debug_macro   0x00000000000139f3       0xa8 Core/Src/main.o
 .debug_macro   0x0000000000013a9b      0x287 Core/Src/main.o
 .debug_macro   0x0000000000013d22      0x803 Core/Src/main.o
 .debug_macro   0x0000000000014525      0x142 Core/Src/main.o
 .debug_macro   0x0000000000014667      0x100 Core/Src/main.o
 .debug_macro   0x0000000000014767       0x46 Core/Src/main.o
 .debug_macro   0x00000000000147ad       0x18 Core/Src/main.o
 .debug_macro   0x00000000000147c5       0x3c Core/Src/main.o
 .debug_macro   0x0000000000014801       0x34 Core/Src/main.o
 .debug_macro   0x0000000000014835      0x174 Core/Src/main.o
 .debug_macro   0x00000000000149a9       0x52 Core/Src/main.o
 .debug_macro   0x00000000000149fb       0x1f Core/Src/main.o
 .debug_macro   0x0000000000014a1a       0x43 Core/Src/main.o
 .debug_macro   0x0000000000014a5d       0x20 Core/Src/main.o
 .debug_macro   0x0000000000014a7d      0x1a3 Core/Src/main.o
 .debug_macro   0x0000000000014c20      0x32a Core/Src/main.o
 .debug_macro   0x0000000000014f4a      0x1e1 Core/Src/main.o
 .debug_macro   0x000000000001512b      0x151 Core/Src/stm32f3xx_it.o
 .debug_macro   0x000000000001527c       0xbd Core/Src/system_stm32f3xx.o
 .debug_macro   0x0000000000015339       0xea Drivers/STM32F3xx_HAL_Driver/Src/stm32f3xx_ll_exti.o
 .debug_macro   0x0000000000015423       0xf8 Drivers/STM32F3xx_HAL_Driver/Src/stm32f3xx_ll_exti.o
 .debug_macro   0x000000000001551b       0xff Drivers/STM32F3xx_HAL_Driver/Src/stm32f3xx_ll_gpio.o
 .debug_macro   0x000000000001561a      0x13c Drivers/STM32F3xx_HAL_Driver/Src/stm32f3xx_ll_gpio.o
 .debug_macro   0x0000000000015756       0xff Drivers/STM32F3xx_HAL_Driver/Src/stm32f3xx_ll_i2c.o
 .debug_macro   0x0000000000015855      0x240 Drivers/STM32F3xx_HAL_Driver/Src/stm32f3xx_ll_i2c.o
 .debug_macro   0x0000000000015a95      0x169 Drivers/STM32F3xx_HAL_Driver/Src/stm32f3xx_ll_tim.o
 .debug_macro   0x0000000000015bfe      0x7fd Drivers/STM32F3xx_HAL_Driver/Src/stm32f3xx_ll_tim.o
 .debug_macro   0x00000000000163fb      0x13b Drivers/STM32F3xx_HAL_Driver/Src/stm32f3xx_ll_utils.o

.debug_line     0x0000000000000000     0x3eec
 .debug_line    0x0000000000000000      0xfb8 Core/Src/main.o
 .debug_line    0x0000000000000fb8      0x6fd Core/Src/stm32f3xx_it.o
 .debug_line    0x00000000000016b5      0x479 Core/Src/system_stm32f3xx.o
 .debug_line    0x0000000000001b2e       0x88 Core/Startup/startup_stm32f303k8tx.o
 .debug_line    0x0000000000001bb6      0x642 Drivers/STM32F3xx_HAL_Driver/Src/stm32f3xx_ll_exti.o
 .debug_line    0x00000000000021f8      0x661 Drivers/STM32F3xx_HAL_Driver/Src/stm32f3xx_ll_gpio.o
 .debug_line    0x0000000000002859      0x5c5 Drivers/STM32F3xx_HAL_Driver/Src/stm32f3xx_ll_i2c.o
 .debug_line    0x0000000000002e1e      0x959 Drivers/STM32F3xx_HAL_Driver/Src/stm32f3xx_ll_tim.o
 .debug_line    0x0000000000003777      0x775 Drivers/STM32F3xx_HAL_Driver/Src/stm32f3xx_ll_utils.o

.debug_str      0x0000000000000000    0x78ffd
 .debug_str     0x0000000000000000    0x75655 Core/Src/main.o
                                      0x75b17 (size before relaxing)
 .debug_str     0x0000000000075655      0x181 Core/Src/stm32f3xx_it.o
                                      0x70fdc (size before relaxing)
 .debug_str     0x00000000000757d6       0x5f Core/Src/system_stm32f3xx.o
                                      0x651eb (size before relaxing)
 .debug_str     0x0000000000075835       0x36 Core/Startup/startup_stm32f303k8tx.o
                                         0x6c (size before relaxing)
 .debug_str     0x000000000007586b      0x470 Drivers/STM32F3xx_HAL_Driver/Src/stm32f3xx_ll_exti.o
                                      0x65b1f (size before relaxing)
 .debug_str     0x0000000000075cdb      0x600 Drivers/STM32F3xx_HAL_Driver/Src/stm32f3xx_ll_gpio.o
                                      0x6654e (size before relaxing)
 .debug_str     0x00000000000762db      0x3fb Drivers/STM32F3xx_HAL_Driver/Src/stm32f3xx_ll_i2c.o
                                      0x66bda (size before relaxing)
 .debug_str     0x00000000000766d6     0x1c0c Drivers/STM32F3xx_HAL_Driver/Src/stm32f3xx_ll_tim.o
                                      0x6b49e (size before relaxing)
 .debug_str     0x00000000000782e2      0xd1b Drivers/STM32F3xx_HAL_Driver/Src/stm32f3xx_ll_utils.o
                                      0x6a220 (size before relaxing)

.comment        0x0000000000000000       0x7b
 .comment       0x0000000000000000       0x7b Core/Src/main.o
                                         0x7c (size before relaxing)
 .comment       0x000000000000007b       0x7c Core/Src/stm32f3xx_it.o
 .comment       0x000000000000007b       0x7c Core/Src/system_stm32f3xx.o
 .comment       0x000000000000007b       0x7c Drivers/STM32F3xx_HAL_Driver/Src/stm32f3xx_ll_exti.o
 .comment       0x000000000000007b       0x7c Drivers/STM32F3xx_HAL_Driver/Src/stm32f3xx_ll_gpio.o
 .comment       0x000000000000007b       0x7c Drivers/STM32F3xx_HAL_Driver/Src/stm32f3xx_ll_i2c.o
 .comment       0x000000000000007b       0x7c Drivers/STM32F3xx_HAL_Driver/Src/stm32f3xx_ll_tim.o
 .comment       0x000000000000007b       0x7c Drivers/STM32F3xx_HAL_Driver/Src/stm32f3xx_ll_utils.o

.debug_frame    0x0000000000000000     0x2200
 .debug_frame   0x0000000000000000      0xa34 Core/Src/main.o
 .debug_frame   0x0000000000000a34      0x22c Core/Src/stm32f3xx_it.o
 .debug_frame   0x0000000000000c60       0x58 Core/Src/system_stm32f3xx.o
 .debug_frame   0x0000000000000cb8      0x2fc Drivers/STM32F3xx_HAL_Driver/Src/stm32f3xx_ll_exti.o
 .debug_frame   0x0000000000000fb4      0x1c0 Drivers/STM32F3xx_HAL_Driver/Src/stm32f3xx_ll_gpio.o
 .debug_frame   0x0000000000001174      0x238 Drivers/STM32F3xx_HAL_Driver/Src/stm32f3xx_ll_i2c.o
 .debug_frame   0x00000000000013ac      0x5d0 Drivers/STM32F3xx_HAL_Driver/Src/stm32f3xx_ll_tim.o
 .debug_frame   0x000000000000197c      0x3dc Drivers/STM32F3xx_HAL_Driver/Src/stm32f3xx_ll_utils.o
 .debug_frame   0x0000000000001d58       0x20 c:/st/stm32cubeide_1.3.0/stm32cubeide/plugins/com.st.stm32cube.ide.mcu.externaltools.gnu-tools-for-stm32.7-2018-q2-update.win32_1.4.0.202007081208/tools/bin/../lib/gcc/arm-none-eabi/7.3.1/../../../../arm-none-eabi/lib/thumb/v7e-m/fpv4-sp/hard\libc_nano.a(lib_a-errno.o)
 .debug_frame   0x0000000000001d78       0x2c c:/st/stm32cubeide_1.3.0/stm32cubeide/plugins/com.st.stm32cube.ide.mcu.externaltools.gnu-tools-for-stm32.7-2018-q2-update.win32_1.4.0.202007081208/tools/bin/../lib/gcc/arm-none-eabi/7.3.1/../../../../arm-none-eabi/lib/thumb/v7e-m/fpv4-sp/hard\libc_nano.a(lib_a-init.o)
 .debug_frame   0x0000000000001da4       0x38 c:/st/stm32cubeide_1.3.0/stm32cubeide/plugins/com.st.stm32cube.ide.mcu.externaltools.gnu-tools-for-stm32.7-2018-q2-update.win32_1.4.0.202007081208/tools/bin/../lib/gcc/arm-none-eabi/7.3.1/../../../../arm-none-eabi/lib/thumb/v7e-m/fpv4-sp/hard\libm.a(lib_a-s_atan.o)
 .debug_frame   0x0000000000001ddc       0x20 c:/st/stm32cubeide_1.3.0/stm32cubeide/plugins/com.st.stm32cube.ide.mcu.externaltools.gnu-tools-for-stm32.7-2018-q2-update.win32_1.4.0.202007081208/tools/bin/../lib/gcc/arm-none-eabi/7.3.1/../../../../arm-none-eabi/lib/thumb/v7e-m/fpv4-sp/hard\libm.a(lib_a-s_fabs.o)
 .debug_frame   0x0000000000001dfc       0x30 c:/st/stm32cubeide_1.3.0/stm32cubeide/plugins/com.st.stm32cube.ide.mcu.externaltools.gnu-tools-for-stm32.7-2018-q2-update.win32_1.4.0.202007081208/tools/bin/../lib/gcc/arm-none-eabi/7.3.1/../../../../arm-none-eabi/lib/thumb/v7e-m/fpv4-sp/hard\libm.a(lib_a-s_round.o)
 .debug_frame   0x0000000000001e2c       0x5c c:/st/stm32cubeide_1.3.0/stm32cubeide/plugins/com.st.stm32cube.ide.mcu.externaltools.gnu-tools-for-stm32.7-2018-q2-update.win32_1.4.0.202007081208/tools/bin/../lib/gcc/arm-none-eabi/7.3.1/../../../../arm-none-eabi/lib/thumb/v7e-m/fpv4-sp/hard\libm.a(lib_a-w_pow.o)
 .debug_frame   0x0000000000001e88       0x64 c:/st/stm32cubeide_1.3.0/stm32cubeide/plugins/com.st.stm32cube.ide.mcu.externaltools.gnu-tools-for-stm32.7-2018-q2-update.win32_1.4.0.202007081208/tools/bin/../lib/gcc/arm-none-eabi/7.3.1/../../../../arm-none-eabi/lib/thumb/v7e-m/fpv4-sp/hard\libm.a(lib_a-e_pow.o)
 .debug_frame   0x0000000000001eec       0x30 c:/st/stm32cubeide_1.3.0/stm32cubeide/plugins/com.st.stm32cube.ide.mcu.externaltools.gnu-tools-for-stm32.7-2018-q2-update.win32_1.4.0.202007081208/tools/bin/../lib/gcc/arm-none-eabi/7.3.1/../../../../arm-none-eabi/lib/thumb/v7e-m/fpv4-sp/hard\libm.a(lib_a-e_sqrt.o)
 .debug_frame   0x0000000000001f1c       0x20 c:/st/stm32cubeide_1.3.0/stm32cubeide/plugins/com.st.stm32cube.ide.mcu.externaltools.gnu-tools-for-stm32.7-2018-q2-update.win32_1.4.0.202007081208/tools/bin/../lib/gcc/arm-none-eabi/7.3.1/../../../../arm-none-eabi/lib/thumb/v7e-m/fpv4-sp/hard\libm.a(lib_a-s_finite.o)
 .debug_frame   0x0000000000001f3c       0x20 c:/st/stm32cubeide_1.3.0/stm32cubeide/plugins/com.st.stm32cube.ide.mcu.externaltools.gnu-tools-for-stm32.7-2018-q2-update.win32_1.4.0.202007081208/tools/bin/../lib/gcc/arm-none-eabi/7.3.1/../../../../arm-none-eabi/lib/thumb/v7e-m/fpv4-sp/hard\libm.a(lib_a-s_matherr.o)
 .debug_frame   0x0000000000001f5c       0x20 c:/st/stm32cubeide_1.3.0/stm32cubeide/plugins/com.st.stm32cube.ide.mcu.externaltools.gnu-tools-for-stm32.7-2018-q2-update.win32_1.4.0.202007081208/tools/bin/../lib/gcc/arm-none-eabi/7.3.1/../../../../arm-none-eabi/lib/thumb/v7e-m/fpv4-sp/hard\libm.a(lib_a-s_nan.o)
 .debug_frame   0x0000000000001f7c       0x34 c:/st/stm32cubeide_1.3.0/stm32cubeide/plugins/com.st.stm32cube.ide.mcu.externaltools.gnu-tools-for-stm32.7-2018-q2-update.win32_1.4.0.202007081208/tools/bin/../lib/gcc/arm-none-eabi/7.3.1/../../../../arm-none-eabi/lib/thumb/v7e-m/fpv4-sp/hard\libm.a(lib_a-s_rint.o)
 .debug_frame   0x0000000000001fb0       0x2c c:/st/stm32cubeide_1.3.0/stm32cubeide/plugins/com.st.stm32cube.ide.mcu.externaltools.gnu-tools-for-stm32.7-2018-q2-update.win32_1.4.0.202007081208/tools/bin/../lib/gcc/arm-none-eabi/7.3.1/../../../../arm-none-eabi/lib/thumb/v7e-m/fpv4-sp/hard\libm.a(lib_a-s_scalbn.o)
 .debug_frame   0x0000000000001fdc       0x20 c:/st/stm32cubeide_1.3.0/stm32cubeide/plugins/com.st.stm32cube.ide.mcu.externaltools.gnu-tools-for-stm32.7-2018-q2-update.win32_1.4.0.202007081208/tools/bin/../lib/gcc/arm-none-eabi/7.3.1/../../../../arm-none-eabi/lib/thumb/v7e-m/fpv4-sp/hard\libm.a(lib_a-s_copysign.o)
 .debug_frame   0x0000000000001ffc       0xac c:/st/stm32cubeide_1.3.0/stm32cubeide/plugins/com.st.stm32cube.ide.mcu.externaltools.gnu-tools-for-stm32.7-2018-q2-update.win32_1.4.0.202007081208/tools/bin/../lib/gcc/arm-none-eabi/7.3.1/thumb/v7e-m/fpv4-sp/hard\libgcc.a(_arm_addsubdf3.o)
 .debug_frame   0x00000000000020a8       0x50 c:/st/stm32cubeide_1.3.0/stm32cubeide/plugins/com.st.stm32cube.ide.mcu.externaltools.gnu-tools-for-stm32.7-2018-q2-update.win32_1.4.0.202007081208/tools/bin/../lib/gcc/arm-none-eabi/7.3.1/thumb/v7e-m/fpv4-sp/hard\libgcc.a(_arm_muldivdf3.o)
 .debug_frame   0x00000000000020f8       0xc4 c:/st/stm32cubeide_1.3.0/stm32cubeide/plugins/com.st.stm32cube.ide.mcu.externaltools.gnu-tools-for-stm32.7-2018-q2-update.win32_1.4.0.202007081208/tools/bin/../lib/gcc/arm-none-eabi/7.3.1/thumb/v7e-m/fpv4-sp/hard\libgcc.a(_arm_cmpdf2.o)
 .debug_frame   0x00000000000021bc       0x20 c:/st/stm32cubeide_1.3.0/stm32cubeide/plugins/com.st.stm32cube.ide.mcu.externaltools.gnu-tools-for-stm32.7-2018-q2-update.win32_1.4.0.202007081208/tools/bin/../lib/gcc/arm-none-eabi/7.3.1/thumb/v7e-m/fpv4-sp/hard\libgcc.a(_arm_unorddf2.o)
 .debug_frame   0x00000000000021dc       0x24 c:/st/stm32cubeide_1.3.0/stm32cubeide/plugins/com.st.stm32cube.ide.mcu.externaltools.gnu-tools-for-stm32.7-2018-q2-update.win32_1.4.0.202007081208/tools/bin/../lib/gcc/arm-none-eabi/7.3.1/thumb/v7e-m/fpv4-sp/hard\libgcc.a(_arm_truncdfsf2.o)
