core_cm4.h:1657:22:__NVIC_SetPriorityGrouping	24	static
core_cm4.h:1676:26:__NVIC_GetPriorityGrouping	4	static
core_cm4.h:1688:22:__NVIC_EnableIRQ	16	static
core_cm4.h:1816:22:__NVIC_SetPriority	16	static
core_cm4.h:1863:26:NVIC_EncodePriority	40	static
stm32f3xx_ll_i2c.h:616:22:LL_I2C_DisableClockStretching	16	static
stm32f3xx_ll_i2c.h:724:22:LL_I2C_DisableGeneralCall	16	static
stm32f3xx_ll_i2c.h:835:22:LL_I2C_SetOwnAddress2	24	static
stm32f3xx_ll_i2c.h:857:22:LL_I2C_DisableOwnAddress2	16	static
stm32f3xx_ll_i2c.h:1279:22:LL_I2C_EnableIT_RX	16	static
stm32f3xx_ll_i2c.h:1290:22:LL_I2C_DisableIT_RX	16	static
stm32f3xx_ll_i2c.h:1524:26:LL_I2C_IsActiveFlag_TXIS	16	static
stm32f3xx_ll_i2c.h:1576:26:LL_I2C_IsActiveFlag_STOP	16	static
stm32f3xx_ll_i2c.h:1733:22:LL_I2C_ClearFlag_STOP	16	static
stm32f3xx_ll_i2c.h:1838:22:LL_I2C_EnableAutoEndMode	16	static
stm32f3xx_ll_i2c.h:2090:22:LL_I2C_HandleTransfer	24	static
stm32f3xx_ll_i2c.h:2186:22:LL_I2C_TransmitData8	16	static
stm32f3xx_ll_rcc.h:1086:22:LL_RCC_HSI_Enable	4	static
stm32f3xx_ll_rcc.h:1106:26:LL_RCC_HSI_IsReady	4	static
stm32f3xx_ll_rcc.h:1132:22:LL_RCC_HSI_SetCalibTrimming	16	static
stm32f3xx_ll_rcc.h:1290:22:LL_RCC_SetSysClkSource	16	static
stm32f3xx_ll_rcc.h:1303:26:LL_RCC_GetSysClkSource	4	static
stm32f3xx_ll_rcc.h:1323:22:LL_RCC_SetAHBPrescaler	16	static
stm32f3xx_ll_rcc.h:1339:22:LL_RCC_SetAPB1Prescaler	16	static
stm32f3xx_ll_rcc.h:1355:22:LL_RCC_SetAPB2Prescaler	16	static
stm32f3xx_ll_rcc.h:1533:22:LL_RCC_SetI2CClockSource	16	static
stm32f3xx_ll_bus.h:287:22:LL_AHB1_GRP1_EnableClock	24	static
stm32f3xx_ll_bus.h:537:22:LL_APB1_GRP1_EnableClock	24	static
stm32f3xx_ll_bus.h:851:22:LL_APB2_GRP1_EnableClock	24	static
stm32f3xx_ll_system.h:1105:22:LL_SYSCFG_SetEXTISource	24	static,ignoring_inline_asm
stm32f3xx_ll_system.h:1618:22:LL_FLASH_SetLatency	16	static
stm32f3xx_ll_system.h:1631:26:LL_FLASH_GetLatency	4	static
stm32f3xx_ll_tim.h:1544:22:LL_TIM_DisableARRPreload	16	static
stm32f3xx_ll_tim.h:4349:22:LL_TIM_EnableIT_UPDATE	16	static
stm32f3xx_ll_gpio.h:273:22:LL_GPIO_SetPinMode	40	static,ignoring_inline_asm
stm32f3xx_ll_gpio.h:482:22:LL_GPIO_SetPinPull	40	static,ignoring_inline_asm
stm32f3xx_ll_gpio.h:908:22:LL_GPIO_ResetOutputPin	16	static
main.c:160:5:main	16	static,ignoring_inline_asm
main.c:281:6:SystemClock_Config	8	static
main.c:315:13:MX_I2C1_Init	64	static
main.c:375:13:MX_TIM16_Init	32	static
main.c:412:13:MX_TIM17_Init	32	static
main.c:449:13:MX_GPIO_Init	48	static
main.c:518:6:push_button_pushed_fcn	8	static
main.c:567:9:hts221_get_temp	24	static
main.c:580:9:hts221_get_hum	32	static
main.c:590:10:lps25hb_get_pressure	32	static
main.c:599:6:lsm6ds0_get_acc	40	static
main.c:623:9:lsm6ds0_get_temp	16	static
main.c:631:9:lsm6ds0_read_byte	32	static
main.c:638:9:hts221_read_byte	32	static
main.c:645:9:lps25hb_read_byte	32	static
main.c:652:6:hts221_write_byte	16	static
main.c:658:6:lps25hb_write_byte	16	static
main.c:664:6:lsm6ds0_write_byte	16	static
main.c:670:6:hts221_readArray	24	static
main.c:676:6:lsm6ds0_readArray	24	static
main.c:682:6:lps25hb_readArray	24	static
main.c:688:9:lsm6ds0_init	16	static
main.c:714:9:hts221_init	24	static
main.c:760:9:lps25hb_init	16	static
main.c:786:6:i2c_master_write	32	static
main.c:807:10:i2c_master_read	24	static
main.c:848:6:my_str_cpy	32	static
main.c:859:6:convert_str_to_7seg	32	static
main.c:1075:6:start_tim17_with_IT	8	static
main.c:1080:6:start_tim16_with_IT	8	static
main.c:1085:6:multiplex_display_fcn	16	static
main.c:1132:9:test_push_button_state	24	static
main.c:1150:6:Error_Handler	4	static
