stm32f3xx_ll_i2c.h:1537:26:LL_I2C_IsActiveFlag_RXNE	16	static
stm32f3xx_ll_i2c.h:2174:25:LL_I2C_ReceiveData8	16	static
stm32f3xx_ll_exti.h:1203:26:LL_EXTI_IsActiveFlag_0_31	16	static
stm32f3xx_ll_exti.h:1320:22:LL_EXTI_ClearFlag_0_31	16	static
stm32f3xx_it.c:79:6:NMI_Handler	4	static
stm32f3xx_it.c:92:6:HardFault_Handler	4	static
stm32f3xx_it.c:107:6:MemManage_Handler	4	static
stm32f3xx_it.c:122:6:BusFault_Handler	4	static
stm32f3xx_it.c:137:6:UsageFault_Handler	4	static
stm32f3xx_it.c:152:6:SVC_Handler	4	static
stm32f3xx_it.c:165:6:DebugMon_Handler	4	static
stm32f3xx_it.c:178:6:PendSV_Handler	4	static
stm32f3xx_it.c:191:6:SysTick_Handler	4	static
stm32f3xx_it.c:212:6:EXTI3_IRQHandler	8	static
stm32f3xx_it.c:233:6:TIM1_UP_TIM16_IRQHandler	4	static
stm32f3xx_it.c:248:6:TIM1_TRG_COM_TIM17_IRQHandler	4	static
stm32f3xx_it.c:263:6:I2C1_EV_IRQHandler	16	static
